Component: ARM Compiler 5.06 update 7 (build 960) Tool: armlink [4d3601]

==============================================================================

Section Cross References

    main.o(i.main) refers to sysclock.o(i.pllInit) for pllInit
    main.o(i.main) refers to puls.o(i.SwInit) for SwInit
    main.o(i.main) refers to led.o(i.LedInit) for LedInit
    main.o(i.main) refers to mot.o(i.motInit) for motInit
    main.o(i.main) refers to ultrasuoni.o(i.ultrsInit) for ultrsInit
    main.o(i.main) refers to infrarossi.o(i.irInit) for irInit
    main.o(i.main) refers to buzzer.o(i.BuzzerInit) for BuzzerInit
    main.o(i.main) refers to event_groups.o(i.xEventGroupCreate) for xEventGroupCreate
    main.o(i.main) refers to tasks.o(i.vTaskStartScheduler) for vTaskStartScheduler
    main.o(i.main) refers to main.o(.data) for xEventGroupRullo
    puls.o(i.LedVerdeSwTask) refers to led.o(i.LedVerdeToggle) for LedVerdeToggle
    puls.o(i.LedVerdeSwTask) refers to tasks.o(i.vTaskDelay) for vTaskDelay
    puls.o(i.LedVerdeSwTask) refers to puls.o(.data) for click
    puls.o(i.SwCenterPress) refers to arduino.o(i.digitalRead) for digitalRead
    puls.o(i.SwDownLPress) refers to puls.o(i.SwDownPress) for SwDownPress
    puls.o(i.SwDownLPress) refers to tasks.o(i.vTaskDelay) for vTaskDelay
    puls.o(i.SwDownPress) refers to arduino.o(i.digitalRead) for digitalRead
    puls.o(i.SwInit) refers to puls.o(i.SwCenterInit) for SwCenterInit
    puls.o(i.SwInit) refers to puls.o(i.SwLeftInit) for SwLeftInit
    puls.o(i.SwInit) refers to puls.o(i.SwRightInit) for SwRightInit
    puls.o(i.SwInit) refers to puls.o(i.SwUpInit) for SwUpInit
    puls.o(i.SwInit) refers to puls.o(i.SwDownInit) for SwDownInit
    puls.o(i.SwLeftClick) refers to arduino.o(i.digitalRead) for digitalRead
    puls.o(i.SwLeftClickOld) refers to arduino.o(i.digitalRead) for digitalRead
    puls.o(i.SwLeftClickOld) refers to puls.o(.data) for valSw
    puls.o(i.SwLeftClickTask) refers to arduino.o(i.digitalRead) for digitalRead
    puls.o(i.SwLeftClickTask) refers to puls.o(.data) for click
    puls.o(i.SwLeftPress) refers to arduino.o(i.digitalRead) for digitalRead
    puls.o(i.SwRight2Click) refers to puls.o(i.SwRightClick) for SwRightClick
    puls.o(i.SwRightClick) refers to arduino.o(i.digitalRead) for digitalRead
    puls.o(i.SwRightClickOld) refers to arduino.o(i.digitalRead) for digitalRead
    puls.o(i.SwRightClickOld) refers to puls.o(.data) for valSw
    puls.o(i.SwRightPress) refers to arduino.o(i.digitalRead) for digitalRead
    puls.o(i.SwTest) refers to puls.o(i.SwUpPress) for SwUpPress
    puls.o(i.SwTest) refers to led.o(i.LedRossoOn) for LedRossoOn
    puls.o(i.SwTest) refers to puls.o(i.SwDownPress) for SwDownPress
    puls.o(i.SwTest) refers to led.o(i.LedRossoOff) for LedRossoOff
    puls.o(i.SwTest) refers to puls.o(i.SwLeftPress) for SwLeftPress
    puls.o(i.SwTest) refers to led.o(i.LedVerdeOn) for LedVerdeOn
    puls.o(i.SwTest) refers to puls.o(i.SwRightPress) for SwRightPress
    puls.o(i.SwTest) refers to led.o(i.LedVerdeOff) for LedVerdeOff
    puls.o(i.SwTest) refers to puls.o(i.SwCenterPress) for SwCenterPress
    puls.o(i.SwTest) refers to led.o(i.LedRossoToggle) for LedRossoToggle
    puls.o(i.SwTest) refers to led.o(i.LedVerdeToggle) for LedVerdeToggle
    puls.o(i.SwUpPress) refers to arduino.o(i.digitalRead) for digitalRead
    puls.o(i.TestPressSw) refers to puls.o(i.SwUpPress) for SwUpPress
    puls.o(i.TestPressSw) refers to led.o(i.LedRossoOn) for LedRossoOn
    puls.o(i.TestPressSw) refers to puls.o(i.SwDownLPress) for SwDownLPress
    puls.o(i.TestPressSw) refers to led.o(i.LedRossoOff) for LedRossoOff
    puls.o(i.TestPressSw) refers to puls.o(i.SwLeftClick) for SwLeftClick
    puls.o(i.TestPressSw) refers to led.o(i.LedVerdeOn) for LedVerdeOn
    puls.o(i.TestPressSw) refers to puls.o(i.SwRight2Click) for SwRight2Click
    puls.o(i.TestPressSw) refers to led.o(i.LedVerdeOff) for LedVerdeOff
    timer.o(i.TIM1_CH1N_PWM) refers to system_stm32l4xx.o(.data) for SystemCoreClock
    timer.o(i.TIM1_CH3_PWM) refers to system_stm32l4xx.o(.data) for SystemCoreClock
    timer.o(i.TIM4_CH1_InCapt) refers to timer.o(i.__NVIC_SetPriority) for __NVIC_SetPriority
    timer.o(i.TIM4_CH1_InCapt) refers to timer.o(i.__NVIC_EnableIRQ) for __NVIC_EnableIRQ
    timer.o(i.TIM4_CH1_InCapt) refers to system_stm32l4xx.o(.data) for SystemCoreClock
    timer.o(i.TIM4_CH1_InCapt_SM) refers to timer.o(i.__NVIC_SetPriority) for __NVIC_SetPriority
    timer.o(i.TIM4_CH1_InCapt_SM) refers to timer.o(i.__NVIC_EnableIRQ) for __NVIC_EnableIRQ
    timer.o(i.TIM4_CH1_InCapt_SM) refers to system_stm32l4xx.o(.data) for SystemCoreClock
    timer.o(i.TIM4_CH2_PWM) refers to system_stm32l4xx.o(.data) for SystemCoreClock
    led.o(i.LedBlink) refers to tasks.o(i.vTaskDelay) for vTaskDelay
    led.o(i.LedBlink) refers to led.o(i.LedRossoToggle) for LedRossoToggle
    led.o(i.LedInit) refers to led.o(i.LedRossoInit) for LedRossoInit
[...]
    C:\\Keil_v5\\ARM\\PACK\\ARM\\CMSIS-FreeRTOS\\10.4.6\\CMSIS\\RTOS2\\FreeRTOS\\Source\\os_systick.c 0x00000000   Number         0  os_systick.o ABSOLUTE
    C:\\Keil_v5\\ARM\\PACK\\ARM\\CMSIS-FreeRTOS\\10.4.6\\Source\\croutine.c 0x00000000   Number         0  croutine.o ABSOLUTE
    C:\\Keil_v5\\ARM\\PACK\\ARM\\CMSIS-FreeRTOS\\10.4.6\\Source\\event_groups.c 0x00000000   Number         0  event_groups.o ABSOLUTE
    C:\\Keil_v5\\ARM\\PACK\\ARM\\CMSIS-FreeRTOS\\10.4.6\\Source\\list.c 0x00000000   Number         0  list.o ABSOLUTE
    C:\\Keil_v5\\ARM\\PACK\\ARM\\CMSIS-FreeRTOS\\10.4.6\\Source\\portable\\MemMang\\heap_4.c 0x00000000   Number         0  heap_4.o ABSOLUTE
    C:\\Keil_v5\\ARM\\PACK\\ARM\\CMSIS-FreeRTOS\\10.4.6\\Source\\portable\\RVDS\\ARM_CM4F\\port.c 0x00000000   Number         0  port.o ABSOLUTE
    C:\\Keil_v5\\ARM\\PACK\\ARM\\CMSIS-FreeRTOS\\10.4.6\\Source\\queue.c 0x00000000   Number         0  queue.o ABSOLUTE
    C:\\Keil_v5\\ARM\\PACK\\ARM\\CMSIS-FreeRTOS\\10.4.6\\Source\\stream_buffer.c 0x00000000   Number         0  stream_buffer.o ABSOLUTE
    C:\\Keil_v5\\ARM\\PACK\\ARM\\CMSIS-FreeRTOS\\10.4.6\\Source\\tasks.c 0x00000000   Number         0  tasks.o ABSOLUTE
    C:\\Keil_v5\\ARM\\PACK\\ARM\\CMSIS-FreeRTOS\\10.4.6\\Source\\timers.c 0x00000000   Number         0  timers.o ABSOLUTE
    RTE\Device\STM32L476VGTx\startup_stm32l476xx.s 0x00000000   Number         0  startup_stm32l476xx.o ABSOLUTE
    RTE\Device\STM32L476VGTx\system_stm32l4xx.c 0x00000000   Number         0  system_stm32l4xx.o ABSOLUTE
    RTE\\Device\\STM32L476VGTx\\system_stm32l4xx.c 0x00000000   Number         0  system_stm32l4xx.o ABSOLUTE
    dc.s                                     0x00000000   Number         0  dc.o ABSOLUTE
    RESET                                    0x08000000   Section      392  startup_stm32l476xx.o(RESET)
    !!!main                                  0x08000188   Section        8  __main.o(!!!main)
    !!!scatter                               0x08000190   Section       52  __scatter.o(!!!scatter)
    !!handler_copy                           0x080001c4   Section       26  __scatter_copy.o(!!handler_copy)
    !!handler_zi                             0x080001e0   Section       28  __scatter_zi.o(!!handler_zi)
    .ARM.Collect$$libinit$$00000000          0x080001fc   Section        2  libinit.o(.ARM.Collect$$libinit$$00000000)
    .ARM.Collect$$libinit$$00000001          0x080001fe   Section        4  libinit2.o(.ARM.Collect$$libinit$$00000001)
    .ARM.Collect$$libinit$$00000004          0x08000202   Section        0  libinit2.o(.ARM.Collect$$libinit$$00000004)
    .ARM.Collect$$libinit$$0000000A          0x08000202   Section        0  libinit2.o(.ARM.Collect$$libinit$$0000000A)
    .ARM.Collect$$libinit$$0000000C          0x08000202   Section        0  libinit2.o(.ARM.Collect$$libinit$$0000000C)
    .ARM.Collect$$libinit$$0000000E          0x08000202   Section        0  libinit2.o(.ARM.Collect$$libinit$$0000000E)
    .ARM.Collect$$libinit$$00000011          0x08000202   Section        0  libinit2.o(.ARM.Collect$$libinit$$00000011)
    .ARM.Collect$$libinit$$00000013          0x08000202   Section        0  libinit2.o(.ARM.Collect$$libinit$$00000013)
    .ARM.Collect$$libinit$$00000015          0x08000202   Section        0  libinit2.o(.ARM.Collect$$libinit$$00000015)
    .ARM.Collect$$libinit$$00000017          0x08000202   Section        0  libinit2.o(.ARM.Collect$$libinit$$00000017)
    .ARM.Collect$$libinit$$00000019          0x08000202   Section        0  libinit2.o(.ARM.Collect$$libinit$$00000019)
    .ARM.Collect$$libinit$$0000001B          0x08000202   Section        0  libinit2.o(.ARM.Collect$$libinit$$0000001B)
    .ARM.Collect$$libinit$$0000001D          0x08000202   Section        0  libinit2.o(.ARM.Collect$$libinit$$0000001D)
    .ARM.Collect$$libinit$$0000001F          0x08000202   Section        0  libinit2.o(.ARM.Collect$$libinit$$0000001F)
    .ARM.Collect$$libinit$$00000021          0x08000202   Section        0  libinit2.o(.ARM.Collect$$libinit$$00000021)
    .ARM.Collect$$libinit$$00000023          0x08000202   Section        0  libinit2.o(.ARM.Collect$$libinit$$00000023)
    .ARM.Collect$$libinit$$00000025          0x08000202   Section        0  libinit2.o(.ARM.Collect$$libinit$$00000025)
    .ARM.Collect$$libinit$$0000002C          0x08000202   Section        0  libinit2.o(.ARM.Collect$$libinit$$0000002C)
    .ARM.Collect$$libinit$$0000002E          0x08000202   Section        0  libinit2.o(.ARM.Collect$$libinit$$0000002E)
    .ARM.Collect$$libinit$$00000030          0x08000202   Section        0  libinit2.o(.ARM.Collect$$libinit$$00000030)
    .ARM.Collect$$libinit$$00000032          0x08000202   Section        0  libinit2.o(.ARM.Collect$$libinit$$00000032)
    .ARM.Collect$$libinit$$00000033          0x08000202   Section        2  libinit2.o(.ARM.Collect$$libinit$$00000033)
    .ARM.Collect$$libshutdown$$00000000      0x08000204   Section        2  libshutdown.o(.ARM.Collect$$libshutdown$$00000000)
    .ARM.Collect$$libshutdown$$00000002      0x08000206   Section        0  libshutdown2.o(.ARM.Collect$$libshutdown$$00000002)
    .ARM.Collect$$libshutdown$$00000004      0x08000206   Section        0  libshutdown2.o(.ARM.Collect$$libshutdown$$00000004)
    .ARM.Collect$$libshutdown$$00000006      0x08000206   Section        0  libshutdown2.o(.ARM.Collect$$libshutdown$$00000006)
    .ARM.Collect$$libshutdown$$00000009      0x08000206   Section        0  libshutdown2.o(.ARM.Collect$$libshutdown$$00000009)
    .ARM.Collect$$libshutdown$$0000000C      0x08000206   Section        0  libshutdown2.o(.ARM.Collect$$libshutdown$$0000000C)
    .ARM.Collect$$libshutdown$$0000000E      0x08000206   Section        0  libshutdown2.o(.ARM.Collect$$libshutdown$$0000000E)
    .ARM.Collect$$libshutdown$$00000011      0x08000206   Section        0  libshutdown2.o(.ARM.Collect$$libshutdown$$00000011)
    .ARM.Collect$$libshutdown$$00000012      0x08000206   Section        2  libshutdown2.o(.ARM.Collect$$libshutdown$$00000012)
    .ARM.Collect$$rtentry$$00000000          0x08000208   Section        0  __rtentry.o(.ARM.Collect$$rtentry$$00000000)
    .ARM.Collect$$rtentry$$00000002          0x08000208   Section        0  __rtentry2.o(.ARM.Collect$$rtentry$$00000002)
    .ARM.Collect$$rtentry$$00000004          0x08000208   Section        6  __rtentry4.o(.ARM.Collect$$rtentry$$00000004)
    .ARM.Collect$$rtentry$$00000008          0x0800020e   Section        8  __rtentry2.o(.ARM.Collect$$rtentry$$00000008)
    .ARM.Collect$$rtentry$$0000000A          0x08000216   Section        4  __rtentry2.o(.ARM.Collect$$rtentry$$0000000A)
    .ARM.Collect$$rtentry$$0000000C          0x0800021a   Section        0  __rtentry2.o(.ARM.Collect$$rtentry$$0000000C)
    .ARM.Collect$$rtentry$$0000000D          0x0800021a   Section        8  __rtentry2.o(.ARM.Collect$$rtentry$$0000000D)
    .ARM.Collect$$rtexit$$00000000           0x08000222   Section        2  rtexit.o(.ARM.Collect$$rtexit$$00000000)
    .ARM.Collect$$rtexit$$00000002           0x08000224   Section        0  rtexit2.o(.ARM.Collect$$rtexit$$00000002)
    .ARM.Collect$$rtexit$$00000003           0x08000224   Section        4  rtexit2.o(.ARM.Collect$$rtexit$$00000003)
    .ARM.Collect$$rtexit$$00000004           0x08000228   Section        6  rtexit2.o(.ARM.Collect$$rtexit$$00000004)
    .emb_text                                0x08000230   Section      190  port.o(.emb_text)
    $v0                                      0x08000230   Number         0  port.o(.emb_text)
    .text                                    0x08000310   Section       64  startup_stm32l476xx.o(.text)
    $v0                                      0x08000310   Number         0  startup_stm32l476xx.o(.text)
    .text                                    0x08000350   Section      138  rt_memcpy_v6.o(.text)
    .text                                    0x080003da   Section       16  aeabi_memset.o(.text)
    .text                                    0x080003ea   Section       78  rt_memclr_w.o(.text)
    .text                                    0x08000438   Section        0  heapauxi.o(.text)
    .text                                    0x0800043e   Section      100  rt_memcpy_w.o(.text)
    .text                                    0x080004a2   Section       68  rt_memclr.o(.text)
    .text                                    0x080004e6   Section       74  sys_stackheap_outer.o(.text)
    .text                                    0x08000530   Section        0  exit.o(.text)
    .text                                    0x08000544   Section        8  libspace.o(.text)
    .text                                    0x0800054c   Section        0  sys_exit.o(.text)
    .text                                    0x08000558   Section        2  use_no_semi.o(.text)
    .text                                    0x0800055a   Section        0  indicate_semi.o(.text)
    i.BuzzerInit                             0x0800055c   Section        0  buzzer.o(i.BuzzerInit)
    i.LedInit                                0x08000598   Section        0  led.o(i.LedInit)
    i.LedRossoInit                           0x080005a4   Section        0  led.o(i.LedRossoInit)
    i.LedRossoOff                            0x080005d0   Section        0  led.o(i.LedRossoOff)
    i.LedRossoOn                             0x080005e4   Section        0  led.o(i.LedRossoOn)
    i.LedVerdeInit                           0x080005f8   Section        0  led.o(i.LedVerdeInit)
    i.LedVerdeOff                            0x08000624   Section        0  led.o(i.LedVerdeOff)
    i.LedVerdeOn                             0x08000638   Section        0  led.o(i.LedVerdeOn)
    i.SwCenterInit                           0x0800064c   Section        0  puls.o(i.SwCenterInit)
    i.SwDownInit                             0x0800068c   Section        0  puls.o(i.SwDownInit)
    i.SwInit                                 0x080006cc   Section        0  puls.o(i.SwInit)
    i.SwLeftInit                             0x080006e4   Section        0  puls.o(i.SwLeftInit)
    i.SwRightInit                            0x08000724   Section        0  puls.o(i.SwRightInit)
    i.SwUpInit                               0x08000764   Section        0  puls.o(i.SwUpInit)
    i.SysTick_Handler                        0x080007a4   Section        0  cmsis_os2.o(i.SysTick_Handler)
    i.SystemCoreClockUpdate                  0x080007bc   Section        0  system_stm32l4xx.o(i.SystemCoreClockUpdate)
    i.SystemInit                             0x0800089c   Section        0  system_stm32l4xx.o(i.SystemInit)
    i.TIM1_CH2_Init                          0x080008e4   Section        0  mot.o(i.TIM1_CH2_Init)
    i.TIM2_CH1_InCapt_SM                     0x08000980   Section        0  ultrasuoni.o(i.TIM2_CH1_InCapt_SM)
    i.TIM2_IRQHandler                        0x08000a74   Section        0  ultrasuoni.o(i.TIM2_IRQHandler)
    i.TIM4_CH1_Init                          0x08000a9c   Section        0  ultrasuoni.o(i.TIM4_CH1_Init)
    i._mutex_acquire                         0x08000b28   Section        0  clib_arm.o(i._mutex_acquire)
    __tagsym$$used                           0x08000b29   Number         0  clib_arm.o(i._mutex_acquire)
    i._mutex_free                            0x08000b40   Section        0  clib_arm.o(i._mutex_free)
    __tagsym$$used                           0x08000b41   Number         0  clib_arm.o(i._mutex_free)
    i._mutex_initialize                      0x08000b74   Section        0  clib_arm.o(i._mutex_initialize)
    __tagsym$$used                           0x08000b75   Number         0  clib_arm.o(i._mutex_initialize)
    i._mutex_release                         0x08000bd4   Section        0  clib_arm.o(i._mutex_release)
    __tagsym$$used                           0x08000bd5   Number         0  clib_arm.o(i._mutex_release)
    i._platform_post_stackheap_init          0x08000bec   Section        0  clib_arm.o(i._platform_post_stackheap_init)
    i.digitalRead                            0x08000bee   Section        0  arduino.o(i.digitalRead)
    i.digitalWrite                           0x08000c1c   Section        0  arduino.o(i.digitalWrite)
    i.echoInit                               0x08000c54   Section        0  ultrasuoni.o(i.echoInit)
    i.irInit                                 0x08000c94   Section        0  infrarossi.o(i.irInit)
    i.irRead                                 0x08000cd0   Section        0  infrarossi.o(i.irRead)
    i.main                                   0x08000cdc   Section        0  main.o(i.main)
    i.motInit                                0x08000d14   Section        0  mot.o(i.motInit)
    i.motStart                               0x08000dec   Section        0  mot.o(i.motStart)
    i.motStop                                0x08000df8   Section        0  mot.o(i.motStop)
    i.oggettoRilevato                        0x08000e04   Section        0  ultrasuoni.o(i.oggettoRilevato)
    i.os_kernel_is_active                    0x08000e24   Section        0  clib_arm.o(i.os_kernel_is_active)
    os_kernel_is_active                      0x08000e25   Thumb Code    18  clib_arm.o(i.os_kernel_is_active)
    i.pinMode                                0x08000e38   Section        0  arduino.o(i.pinMode)
    i.pllInit                                0x08000e90   Section        0  sysclock.o(i.pllInit)
    i.prvAddCurrentTaskToDelayedList         0x08000fa0   Section        0  tasks.o(i.prvAddCurrentTaskToDelayedList)
    prvAddCurrentTaskToDelayedList           0x08000fa1   Thumb Code   140  tasks.o(i.prvAddCurrentTaskToDelayedList)
    i.prvAddNewTaskToReadyList               0x08001044   Section        0  tasks.o(i.prvAddNewTaskToReadyList)
    prvAddNewTaskToReadyList                 0x08001045   Thumb Code   204  tasks.o(i.prvAddNewTaskToReadyList)
    i.prvCheckForValidListAndQueue           0x0800112c   Section        0  timers.o(i.prvCheckForValidListAndQueue)
    prvCheckForValidListAndQueue             0x0800112d   Thumb Code    62  timers.o(i.prvCheckForValidListAndQueue)
    i.prvCheckTasksWaitingTermination        0x08001188   Section        0  tasks.o(i.prvCheckTasksWaitingTermination)
    prvCheckTasksWaitingTermination          0x08001189   Thumb Code    60  tasks.o(i.prvCheckTasksWaitingTermination)
    i.prvCopyDataFromQueue                   0x080011d0   Section        0  queue.o(i.prvCopyDataFromQueue)
    prvCopyDataFromQueue                     0x080011d1   Thumb Code    42  queue.o(i.prvCopyDataFromQueue)
    i.prvCopyDataToQueue                     0x080011fa   Section        0  queue.o(i.prvCopyDataToQueue)
    prvCopyDataToQueue                       0x080011fb   Thumb Code   126  queue.o(i.prvCopyDataToQueue)
    i.prvDeleteTCB                           0x08001278   Section        0  tasks.o(i.prvDeleteTCB)
    prvDeleteTCB                             0x08001279   Thumb Code    40  tasks.o(i.prvDeleteTCB)
    i.prvGetDisinheritPriorityAfterTimeout   0x080012a0   Section        0  queue.o(i.prvGetDisinheritPriorityAfterTimeout)
    prvGetDisinheritPriorityAfterTimeout     0x080012a1   Thumb Code    20  queue.o(i.prvGetDisinheritPriorityAfterTimeout)
    i.prvGetNextExpireTime                   0x080012b4   Section        0  timers.o(i.prvGetNextExpireTime)
    prvGetNextExpireTime                     0x080012b5   Thumb Code    36  timers.o(i.prvGetNextExpireTime)
    i.prvHeapInit                            0x080012dc   Section        0  heap_4.o(i.prvHeapInit)
    prvHeapInit                              0x080012dd   Thumb Code    98  heap_4.o(i.prvHeapInit)
    i.prvIdleTask                            0x08001358   Section        0  tasks.o(i.prvIdleTask)
    prvIdleTask                              0x08001359   Thumb Code    32  tasks.o(i.prvIdleTask)
    i.prvInitialiseMutex                     0x08001380   Section        0  queue.o(i.prvInitialiseMutex)
    prvInitialiseMutex                       0x08001381   Thumb Code    30  queue.o(i.prvInitialiseMutex)
    i.prvInitialiseNewQueue                  0x0800139e   Section        0  queue.o(i.prvInitialiseNewQueue)
    prvInitialiseNewQueue                    0x0800139f   Thumb Code    42  queue.o(i.prvInitialiseNewQueue)
    i.prvInitialiseNewTask                   0x080013c8   Section        0  tasks.o(i.prvInitialiseNewTask)
    prvInitialiseNewTask                     0x080013c9   Thumb Code   154  tasks.o(i.prvInitialiseNewTask)
    i.prvInitialiseTaskLists                 0x08001468   Section        0  tasks.o(i.prvInitialiseTaskLists)
    prvInitialiseTaskLists                   0x08001469   Thumb Code    70  tasks.o(i.prvInitialiseTaskLists)
    i.prvInsertBlockIntoFreeList             0x080014d0   Section        0  heap_4.o(i.prvInsertBlockIntoFreeList)
    prvInsertBlockIntoFreeList               0x080014d1   Thumb Code    96  heap_4.o(i.prvInsertBlockIntoFreeList)
    i.prvInsertTimerInActiveList             0x08001538   Section        0  timers.o(i.prvInsertTimerInActiveList)
    prvInsertTimerInActiveList               0x08001539   Thumb Code    80  timers.o(i.prvInsertTimerInActiveList)
    i.prvIsQueueEmpty                        0x08001590   Section        0  queue.o(i.prvIsQueueEmpty)
    prvIsQueueEmpty                          0x08001591   Thumb Code    26  queue.o(i.prvIsQueueEmpty)
    i.prvIsQueueFull                         0x080015aa   Section        0  queue.o(i.prvIsQueueFull)
    prvIsQueueFull                           0x080015ab   Thumb Code    30  queue.o(i.prvIsQueueFull)
    i.prvProcessExpiredTimer                 0x080015c8   Section        0  timers.o(i.prvProcessExpiredTimer)
    prvProcessExpiredTimer                   0x080015c9   Thumb Code    62  timers.o(i.prvProcessExpiredTimer)
    i.prvProcessReceivedCommands             0x0800160c   Section        0  timers.o(i.prvProcessReceivedCommands)
    prvProcessReceivedCommands               0x0800160d   Thumb Code   268  timers.o(i.prvProcessReceivedCommands)
    i.prvProcessTimerOrBlockTask             0x0800171c   Section        0  timers.o(i.prvProcessTimerOrBlockTask)
    prvProcessTimerOrBlockTask               0x0800171d   Thumb Code   102  timers.o(i.prvProcessTimerOrBlockTask)
    i.prvReloadTimer                         0x08001790   Section        0  timers.o(i.prvReloadTimer)
    prvReloadTimer                           0x08001791   Thumb Code    40  timers.o(i.prvReloadTimer)
    i.prvResetNextTaskUnblockTime            0x080017b8   Section        0  tasks.o(i.prvResetNextTaskUnblockTime)
    prvResetNextTaskUnblockTime              0x080017b9   Thumb Code    40  tasks.o(i.prvResetNextTaskUnblockTime)
    i.prvSampleTimeNow                       0x080017e8   Section        0  timers.o(i.prvSampleTimeNow)
    prvSampleTimeNow                         0x080017e9   Thumb Code    40  timers.o(i.prvSampleTimeNow)
    i.prvSwitchTimerLists                    0x08001814   Section        0  timers.o(i.prvSwitchTimerLists)
    prvSwitchTimerLists                      0x08001815   Thumb Code    58  timers.o(i.prvSwitchTimerLists)
    i.prvTaskExitError                       0x08001858   Section        0  port.o(i.prvTaskExitError)
    prvTaskExitError                         0x08001859   Thumb Code    22  port.o(i.prvTaskExitError)
    i.prvTestWaitCondition                   0x0800186e   Section        0  event_groups.o(i.prvTestWaitCondition)
    prvTestWaitCondition                     0x0800186f   Thumb Code    30  event_groups.o(i.prvTestWaitCondition)
    i.prvTimerTask                           0x0800188c   Section        0  timers.o(i.prvTimerTask)
    prvTimerTask                             0x0800188d   Thumb Code    26  timers.o(i.prvTimerTask)
    i.prvUnlockQueue                         0x080018a6   Section        0  queue.o(i.prvUnlockQueue)
    prvUnlockQueue                           0x080018a7   Thumb Code   126  queue.o(i.prvUnlockQueue)
    i.pvPortMalloc                           0x08001924   Section        0  heap_4.o(i.pvPortMalloc)
    i.pvTaskIncrementMutexHeldCount          0x08001a20   Section        0  tasks.o(i.pvTaskIncrementMutexHeldCount)
    i.pxPortInitialiseStack                  0x08001a40   Section        0  port.o(i.pxPortInitialiseStack)
    i.trgInit                                0x08001a6c   Section        0  ultrasuoni.o(i.trgInit)
    i.ultrsInit                              0x08001ab4   Section        0  ultrasuoni.o(i.ultrsInit)
    i.uxListRemove                           0x08001af4   Section        0  list.o(i.uxListRemove)
    i.uxTaskResetEventItemValue              0x08001b1c   Section        0  tasks.o(i.uxTaskResetEventItemValue)
    i.vApplicationGetIdleTaskMemory          0x08001b38   Section        0  cmsis_os2.o(i.vApplicationGetIdleTaskMemory)
    i.vApplicationGetTimerTaskMemory         0x08001b50   Section        0  cmsis_os2.o(i.vApplicationGetTimerTaskMemory)
    i.vApplicationStackOverflowHook          0x08001b68   Section        0  cmsis_os2.o(i.vApplicationStackOverflowHook)
    i.vListInitialise                        0x08001b6a   Section        0  list.o(i.vListInitialise)
    i.vListInitialiseItem                    0x08001b84   Section        0  list.o(i.vListInitialiseItem)
    i.vListInsert                            0x08001b8a   Section        0  list.o(i.vListInsert)
    i.vPortEnterCritical                     0x08001bc0   Section        0  port.o(i.vPortEnterCritical)
    i.vPortExitCritical                      0x08001be4   Section        0  port.o(i.vPortExitCritical)
    i.vPortFree                              0x08001c04   Section        0  heap_4.o(i.vPortFree)
    i.vPortSetupTimerInterrupt               0x08001c5c   Section        0  port.o(i.vPortSetupTimerInterrupt)
    i.vQueueDelete                           0x08001c84   Section        0  queue.o(i.vQueueDelete)
    i.vQueueWaitForMessageRestricted         0x08001c98   Section        0  queue.o(i.vQueueWaitForMessageRestricted)
    i.vTaskBuzzerTest                        0x08001ce4   Section        0  buzzer.o(i.vTaskBuzzerTest)
    i.vTaskDelay                             0x08001d1c   Section        0  tasks.o(i.vTaskDelay)
    i.vTaskInternalSetTimeOutState           0x08001d50   Section        0  tasks.o(i.vTaskInternalSetTimeOutState)
    i.vTaskMissedYield                       0x08001d68   Section        0  tasks.o(i.vTaskMissedYield)
    i.vTaskMotPA0                            0x08001d74   Section        0  mot.o(i.vTaskMotPA0)
    i.vTaskMotPA2                            0x08001da0   Section        0  mot.o(i.vTaskMotPA2)
    i.vTaskPlaceOnEventList                  0x08001dcc   Section        0  tasks.o(i.vTaskPlaceOnEventList)
    i.vTaskPlaceOnEventListRestricted        0x08001dec   Section        0  tasks.o(i.vTaskPlaceOnEventListRestricted)
    i.vTaskPlaceOnUnorderedEventList         0x08001e38   Section        0  tasks.o(i.vTaskPlaceOnUnorderedEventList)
    i.vTaskPriorityDisinheritAfterTimeout    0x08001e88   Section        0  tasks.o(i.vTaskPriorityDisinheritAfterTimeout)
    i.vTaskRemoveFromUnorderedEventList      0x08001f48   Section        0  tasks.o(i.vTaskRemoveFromUnorderedEventList)
    i.vTaskRilevaColore                      0x08002014   Section        0  infrarossi.o(i.vTaskRilevaColore)
    i.vTaskStartScheduler                    0x08002060   Section        0  tasks.o(i.vTaskStartScheduler)
    i.vTaskSuspendAll                        0x080020fc   Section        0  tasks.o(i.vTaskSuspendAll)
    i.vTaskSwitchContext                     0x0800210c   Section        0  tasks.o(i.vTaskSwitchContext)
    i.vTask_Motore                           0x080021bc   Section        0  mot.o(i.vTask_Motore)
    i.vTask_SensUltrasuoni                   0x080021f0   Section        0  ultrasuoni.o(i.vTask_SensUltrasuoni)
    i.xEventGroupCreate                      0x080021fc   Section        0  event_groups.o(i.xEventGroupCreate)
    i.xEventGroupSetBits                     0x0800221a   Section        0  event_groups.o(i.xEventGroupSetBits)
    i.xEventGroupWaitBits                    0x080022b4   Section        0  event_groups.o(i.xEventGroupWaitBits)
    i.xPortStartScheduler                    0x08002388   Section        0  port.o(i.xPortStartScheduler)
    i.xPortSysTickHandler                    0x080023d0   Section        0  port.o(i.xPortSysTickHandler)
    i.xQueueCreateMutex                      0x08002404   Section        0  queue.o(i.xQueueCreateMutex)
    i.xQueueCreateMutexStatic                0x08002426   Section        0  queue.o(i.xQueueCreateMutexStatic)
    i.xQueueGenericCreate                    0x08002450   Section        0  queue.o(i.xQueueGenericCreate)
    i.xQueueGenericCreateStatic              0x080024a2   Section        0  queue.o(i.xQueueGenericCreateStatic)
    i.xQueueGenericReset                     0x080024e0   Section        0  queue.o(i.xQueueGenericReset)
    i.xQueueGenericSend                      0x08002580   Section        0  queue.o(i.xQueueGenericSend)
    i.xQueueReceive                          0x08002698   Section        0  queue.o(i.xQueueReceive)
    i.xQueueSemaphoreTake                    0x0800279c   Section        0  queue.o(i.xQueueSemaphoreTake)
    i.xTaskCheckForTimeOut                   0x080028cc   Section        0  tasks.o(i.xTaskCheckForTimeOut)
    i.xTaskCreate                            0x0800292c   Section        0  tasks.o(i.xTaskCreate)
    i.xTaskCreateStatic                      0x08002996   Section        0  tasks.o(i.xTaskCreateStatic)
    i.xTaskGetSchedulerState                 0x080029ec   Section        0  tasks.o(i.xTaskGetSchedulerState)
    i.xTaskGetTickCount                      0x08002a0c   Section        0  tasks.o(i.xTaskGetTickCount)
    i.xTaskIncrementTick                     0x08002a18   Section        0  tasks.o(i.xTaskIncrementTick)
    i.xTaskPriorityDisinherit                0x08002ba8   Section        0  tasks.o(i.xTaskPriorityDisinherit)
    i.xTaskPriorityInherit                   0x08002c3c   Section        0  tasks.o(i.xTaskPriorityInherit)
    i.xTaskRemoveFromEventList               0x08002d14   Section        0  tasks.o(i.xTaskRemoveFromEventList)
    i.xTaskResumeAll                         0x08002e1c   Section        0  tasks.o(i.xTaskResumeAll)
    i.xTimerCreateTimerTask                  0x08002f74   Section        0  timers.o(i.xTimerCreateTimerTask)
    x$fpl$fpinit                             0x08002fd4   Section       10  fpinit.o(x$fpl$fpinit)
    $v0                                      0x08002fd4   Number         0  fpinit.o(x$fpl$fpinit)
    .constdata                               0x08002fe0   Section       72  system_stm32l4xx.o(.constdata)
    .data                                    0x20000000   Section        4  main.o(.data)
    .data                                    0x20000004   Section        4  ultrasuoni.o(.data)
    .data                                    0x20000008   Section        4  system_stm32l4xx.o(.data)
    .data                                    0x2000000c   Section       32  heap_4.o(.data)
    xStart                                   0x2000000c   Data           8  heap_4.o(.data)
    pxEnd                                    0x20000014   Data           4  heap_4.o(.data)
    xFreeBytesRemaining                      0x20000018   Data           4  heap_4.o(.data)
    xMinimumEverFreeBytesRemaining           0x2000001c   Data           4  heap_4.o(.data)
    xNumberOfSuccessfulAllocations           0x20000020   Data           4  heap_4.o(.data)
    xNumberOfSuccessfulFrees                 0x20000024   Data           4  heap_4.o(.data)
    xBlockAllocatedBit                       0x20000028   Data           4  heap_4.o(.data)
    .data                                    0x2000002c   Section        4  port.o(.data)
    uxCriticalNesting                        0x2000002c   Data           4  port.o(.data)
    .data                                    0x20000030   Section       64  tasks.o(.data)
    pxDelayedTaskList                        0x20000034   Data           4  tasks.o(.data)
    pxOverflowDelayedTaskList                0x20000038   Data           4  tasks.o(.data)
    uxDeletedTasksWaitingCleanUp             0x2000003c   Data           4  tasks.o(.data)
    uxCurrentNumberOfTasks                   0x20000040   Data           4  tasks.o(.data)
    xTickCount                               0x20000044   Data           4  tasks.o(.data)
    uxTopReadyPriority                       0x20000048   Data           4  tasks.o(.data)
    xSchedulerRunning                        0x2000004c   Data           4  tasks.o(.data)
    xPendedTicks                             0x20000050   Data           4  tasks.o(.data)
    xYieldPending                            0x20000054   Data           4  tasks.o(.data)
    xNumOfOverflows                          0x20000058   Data           4  tasks.o(.data)
    uxTaskNumber                             0x2000005c   Data           4  tasks.o(.data)
    xNextTaskUnblockTime                     0x20000060   Data           4  tasks.o(.data)
    xIdleTaskHandle                          0x20000064   Data           4  tasks.o(.data)
    uxSchedulerSuspended                     0x2000006c   Data           4  tasks.o(.data)
    .data                                    0x20000070   Section       20  timers.o(.data)
    pxCurrentTimerList                       0x20000070   Data           4  timers.o(.data)
    pxOverflowTimerList                      0x20000074   Data           4  timers.o(.data)
    xTimerQueue                              0x20000078   Data           4  timers.o(.data)
    xTimerTaskHandle                         0x2000007c   Data           4  timers.o(.data)
    xLastTime                                0x20000080   Data           4  timers.o(.data)
    .bss                                     0x20000084   Section      916  clib_arm.o(.bss)
    os_libspace                              0x20000084   Data         480  clib_arm.o(.bss)
    os_libspace_id                           0x20000264   Data          16  clib_arm.o(.bss)
    clib_mutex_cb                            0x20000274   Data         400  clib_arm.o(.bss)
    clib_mutex_id                            0x20000404   Data          20  clib_arm.o(.bss)
    .bss                                     0x20000418   Section     1016  cmsis_os2.o(.bss)
    Idle_TCB                                 0x20000418   Data          92  cmsis_os2.o(.bss)
    Idle_Stack                               0x20000474   Data         512  cmsis_os2.o(.bss)
    Timer_TCB                                0x20000674   Data          92  cmsis_os2.o(.bss)
    Timer_Stack                              0x200006d0   Data         320  cmsis_os2.o(.bss)
    .bss                                     0x20000810   Section     8192  heap_4.o(.bss)
    ucHeap                                   0x20000810   Data        8192  heap_4.o(.bss)
    .bss                                     0x20002810   Section     1220  tasks.o(.bss)
    pxReadyTasksLists                        0x20002810   Data        1120  tasks.o(.bss)
    xDelayedTaskList1                        0x20002c70   Data          20  tasks.o(.bss)
    xDelayedTaskList2                        0x20002c84   Data          20  tasks.o(.bss)
    xPendingReadyList                        0x20002c98   Data          20  tasks.o(.bss)
    xTasksWaitingTermination                 0x20002cac   Data          20  tasks.o(.bss)
    xSuspendedTaskList                       0x20002cc0   Data          20  tasks.o(.bss)
    .bss                                     0x20002cd4   Section      200  timers.o(.bss)
    xActiveTimerList1                        0x20002cd4   Data          20  timers.o(.bss)
    xActiveTimerList2                        0x20002ce8   Data          20  timers.o(.bss)
    xStaticTimerQueue                        0x20002cfc   Data          80  timers.o(.bss)
    ucStaticTimerQueueStorage                0x20002d4c   Data          80  timers.o(.bss)
    .bss                                     0x20002d9c   Section       96  libspace.o(.bss)
    HEAP                                     0x20002e00   Section      512  startup_stm32l476xx.o(HEAP)
    Heap_Mem                                 0x20002e00   Data         512  startup_stm32l476xx.o(HEAP)
    STACK                                    0x20003000   Section     1024  startup_stm32l476xx.o(STACK)
    Stack_Mem                                0x20003000   Data        1024  startup_stm32l476xx.o(STACK)
    __initial_sp                             0x20003400   Data           0  startup_stm32l476xx.o(STACK)

    Global Symbols

    Symbol Name                              Value     Ov Type        Size  Object(Section)

    BuildAttributes$$THM_ISAv4$E$P$D$K$B$S$7EM$VFPi3$EXTD16$VFPS$VFMA$PE$A:L22UL41UL21$X:L11$S22US41US21$IEEE1$IW$USESV6$~STKCKD$USESV7$~SHL$OSPACE$ROPI$EBA8$UX$STANDARDLIB$REQ8$PRES8$EABIv2 0x00000000   Number         0  anon$$obj.o ABSOLUTE
    __ARM_use_no_argv                        0x00000000   Number         0  main.o ABSOLUTE
    __ARM_exceptions_init                     - Undefined Weak Reference
    __alloca_initialize                       - Undefined Weak Reference
    __arm_fini_                               - Undefined Weak Reference
    __arm_preinit_                            - Undefined Weak Reference
    __cpp_initialize__aeabi_                  - Undefined Weak Reference
    __cxa_finalize                            - Undefined Weak Reference
    __rt_locale                               - Undefined Weak Reference
    __sigvec_lookup                           - Undefined Weak Reference
    _atexit_init                              - Undefined Weak Reference
    _call_atexit_fns                          - Undefined Weak Reference
    _clock_init                               - Undefined Weak Reference
    _fp_trap_init                             - Undefined Weak Reference
    _fp_trap_shutdown                         - Undefined Weak Reference
    _get_lc_collate                           - Undefined Weak Reference
    _get_lc_ctype                             - Undefined Weak Reference
    _get_lc_monetary                          - Undefined Weak Reference
    _get_lc_numeric                           - Undefined Weak Reference
    _get_lc_time                              - Undefined Weak Reference
    _getenv_init                              - Undefined Weak Reference
    _handle_redirection                       - Undefined Weak Reference
    _init_alloc                               - Undefined Weak Reference
    _init_user_alloc                          - Undefined Weak Reference
    _initio                                   - Undefined Weak Reference
    _rand_init                                - Undefined Weak Reference
    _signal_finish                            - Undefined Weak Reference
    _signal_init                              - Undefined Weak Reference
    _terminate_alloc                          - Undefined Weak Reference
    _terminate_user_alloc                     - Undefined Weak Reference
    _terminateio                              - Undefined Weak Reference
    __Vectors_Size                           0x00000188   Number         0  startup_stm32l476xx.o ABSOLUTE
    __Vectors                                0x08000000   Data           4  startup_stm32l476xx.o(RESET)
    __Vectors_End                            0x08000188   Data           0  startup_stm32l476xx.o(RESET)
    __main                                   0x08000189   Thumb Code     8  __main.o(!!!main)
    __scatterload                            0x08000191   Thumb Code     0  __scatter.o(!!!scatter)
    __scatterload_rt2                        0x08000191   Thumb Code    44  __scatter.o(!!!scatter)
    __scatterload_rt2_thumb_only             0x08000191   Thumb Code     0  __scatter.o(!!!scatter)
    __scatterload_null                       0x0800019f   Thumb Code     0  __scatter.o(!!!scatter)
    __scatterload_copy                       0x080001c5   Thumb Code    26  __scatter_copy.o(!!handler_copy)
    __scatterload_zeroinit                   0x080001e1   Thumb Code    28  __scatter_zi.o(!!handler_zi)
    __rt_lib_init                            0x080001fd   Thumb Code     0  libinit.o(.ARM.Collect$$libinit$$00000000)
    __rt_lib_init_fp_1                       0x080001ff   Thumb Code     0  libinit2.o(.ARM.Collect$$libinit$$00000001)
    __rt_lib_init_alloca_1                   0x08000203   Thumb Code     0  libinit2.o(.ARM.Collect$$libinit$$0000002E)
    __rt_lib_init_argv_1                     0x08000203   Thumb Code     0  libinit2.o(.ARM.Collect$$libinit$$0000002C)
    __rt_lib_init_atexit_1                   0x08000203   Thumb Code     0  libinit2.o(.ARM.Collect$$libinit$$0000001B)
    __rt_lib_init_clock_1                    0x08000203   Thumb Code     0  libinit2.o(.ARM.Collect$$libinit$$00000021)
    __rt_lib_init_cpp_1                      0x08000203   Thumb Code     0  libinit2.o(.ARM.Collect$$libinit$$00000032)
    __rt_lib_init_exceptions_1               0x08000203   Thumb Code     0  libinit2.o(.ARM.Collect$$libinit$$00000030)
    __rt_lib_init_fp_trap_1                  0x08000203   Thumb Code     0  libinit2.o(.ARM.Collect$$libinit$$0000001F)
    __rt_lib_init_getenv_1                   0x08000203   Thumb Code     0  libinit2.o(.ARM.Collect$$libinit$$00000023)
    __rt_lib_init_heap_1                     0x08000203   Thumb Code     0  libinit2.o(.ARM.Collect$$libinit$$0000000A)
    __rt_lib_init_lc_collate_1               0x08000203   Thumb Code     0  libinit2.o(.ARM.Collect$$libinit$$00000011)
    __rt_lib_init_lc_ctype_1                 0x08000203   Thumb Code     0  libinit2.o(.ARM.Collect$$libinit$$00000013)
    __rt_lib_init_lc_monetary_1              0x08000203   Thumb Code     0  libinit2.o(.ARM.Collect$$libinit$$00000015)
    __rt_lib_init_lc_numeric_1               0x08000203   Thumb Code     0  libinit2.o(.ARM.Collect$$libinit$$00000017)
    __rt_lib_init_lc_time_1                  0x08000203   Thumb Code     0  libinit2.o(.ARM.Collect$$libinit$$00000019)
    __rt_lib_init_preinit_1                  0x08000203   Thumb Code     0  libinit2.o(.ARM.Collect$$libinit$$00000004)
    __rt_lib_init_rand_1                     0x08000203   Thumb Code     0  libinit2.o(.ARM.Collect$$libinit$$0000000E)
    __rt_lib_init_return                     0x08000203   Thumb Code     0  libinit2.o(.ARM.Collect$$libinit$$00000033)
    __rt_lib_init_signal_1                   0x08000203   Thumb Code     0  libinit2.o(.ARM.Collect$$libinit$$0000001D)
    __rt_lib_init_stdio_1                    0x08000203   Thumb Code     0  libinit2.o(.ARM.Collect$$libinit$$00000025)
    __rt_lib_init_user_alloc_1               0x08000203   Thumb Code     0  libinit2.o(.ARM.Collect$$libinit$$0000000C)
    __rt_lib_shutdown                        0x08000205   Thumb Code     0  libshutdown.o(.ARM.Collect$$libshutdown$$00000000)
    __rt_lib_shutdown_cpp_1                  0x08000207   Thumb Code     0  libshutdown2.o(.ARM.Collect$$libshutdown$$00000004)
    __rt_lib_shutdown_fini_1                 0x08000207   Thumb Code     0  libshutdown2.o(.ARM.Collect$$libshutdown$$00000002)
    __rt_lib_shutdown_fp_trap_1              0x08000207   Thumb Code     0  libshutdown2.o(.ARM.Collect$$libshutdown$$00000009)
    __rt_lib_shutdown_heap_1                 0x08000207   Thumb Code     0  libshutdown2.o(.ARM.Collect$$libshutdown$$00000011)
    __rt_lib_shutdown_return                 0x08000207   Thumb Code     0  libshutdown2.o(.ARM.Collect$$libshutdown$$00000012)
    __rt_lib_shutdown_signal_1               0x08000207   Thumb Code     0  libshutdown2.o(.ARM.Collect$$libshutdown$$0000000C)
    __rt_lib_shutdown_stdio_1                0x08000207   Thumb Code     0  libshutdown2.o(.ARM.Collect$$libshutdown$$00000006)
    __rt_lib_shutdown_user_alloc_1           0x08000207   Thumb Code     0  libshutdown2.o(.ARM.Collect$$libshutdown$$0000000E)
    __rt_entry                               0x08000209   Thumb Code     0  __rtentry.o(.ARM.Collect$$rtentry$$00000000)
    __rt_entry_presh_1                       0x08000209   Thumb Code     0  __rtentry2.o(.ARM.Collect$$rtentry$$00000002)
    __rt_entry_sh                            0x08000209   Thumb Code     0  __rtentry4.o(.ARM.Collect$$rtentry$$00000004)
    __rt_entry_postsh_1                      0x0800020f   Thumb Code     0  __rtentry2.o(.ARM.Collect$$rtentry$$00000008)
    __rt_entry_li                            0x08000217   Thumb Code     0  __rtentry2.o(.ARM.Collect$$rtentry$$0000000A)
    __rt_entry_main                          0x0800021b   Thumb Code     0  __rtentry2.o(.ARM.Collect$$rtentry$$0000000D)
    __rt_entry_postli_1                      0x0800021b   Thumb Code     0  __rtentry2.o(.ARM.Collect$$rtentry$$0000000C)
    __rt_exit                                0x08000223   Thumb Code     0  rtexit.o(.ARM.Collect$$rtexit$$00000000)
    __rt_exit_ls                             0x08000225   Thumb Code     0  rtexit2.o(.ARM.Collect$$rtexit$$00000003)
    __rt_exit_prels_1                        0x08000225   Thumb Code     0  rtexit2.o(.ARM.Collect$$rtexit$$00000002)
    __rt_exit_exit                           0x08000229   Thumb Code     0  rtexit2.o(.ARM.Collect$$rtexit$$00000004)
    SVC_Handler                              0x08000231   Thumb Code    28  port.o(.emb_text)
    __asm___6_port_c_39a90d8d__prvStartFirstTask 0x08000251   Thumb Code    36  port.o(.emb_text)
    __asm___6_port_c_39a90d8d__prvEnableVFP  0x08000279   Thumb Code    16  port.o(.emb_text)
    PendSV_Handler                           0x0800028d   Thumb Code    88  port.o(.emb_text)
    vPortGetIPSR                             0x080002e9   Thumb Code     6  port.o(.emb_text)
    Reset_Handler                            0x08000311   Thumb Code     8  startup_stm32l476xx.o(.text)
    NMI_Handler                              0x08000319   Thumb Code     2  startup_stm32l476xx.o(.text)
    HardFault_Handler                        0x0800031b   Thumb Code     2  startup_stm32l476xx.o(.text)
    MemManage_Handler                        0x0800031d   Thumb Code     2  startup_stm32l476xx.o(.text)
    BusFault_Handler                         0x0800031f   Thumb Code     2  startup_stm32l476xx.o(.text)
    UsageFault_Handler                       0x08000321   Thumb Code     2  startup_stm32l476xx.o(.text)
    DebugMon_Handler                         0x08000325   Thumb Code     2  startup_stm32l476xx.o(.text)
    ADC1_2_IRQHandler                        0x0800032b   Thumb Code     0  startup_stm32l476xx.o(.text)
    ADC3_IRQHandler                          0x0800032b   Thumb Code     0  startup_stm32l476xx.o(.text)
    CAN1_RX0_IRQHandler                      0x0800032b   Thumb Code     0  startup_stm32l476xx.o(.text)
    CAN1_RX1_IRQHandler                      0x0800032b   Thumb Code     0  startup_stm32l476xx.o(.text)
    CAN1_SCE_IRQHandler                      0x0800032b   Thumb Code     0  startup_stm32l476xx.o(.text)
    CAN1_TX_IRQHandler                       0x0800032b   Thumb Code     0  startup_stm32l476xx.o(.text)
    COMP_IRQHandler                          0x0800032b   Thumb Code     0  startup_stm32l476xx.o(.text)
    DFSDM1_FLT0_IRQHandler                   0x0800032b   Thumb Code     0  startup_stm32l476xx.o(.text)
    DFSDM1_FLT1_IRQHandler                   0x0800032b   Thumb Code     0  startup_stm32l476xx.o(.text)
    DFSDM1_FLT2_IRQHandler                   0x0800032b   Thumb Code     0  startup_stm32l476xx.o(.text)
    DFSDM1_FLT3_IRQHandler                   0x0800032b   Thumb Code     0  startup_stm32l476xx.o(.text)
    DMA1_Channel1_IRQHandler                 0x0800032b   Thumb Code     0  startup_stm32l476xx.o(.text)
    DMA1_Channel2_IRQHandler                 0x0800032b   Thumb Code     0  startup_stm32l476xx.o(.text)
    DMA1_Channel3_IRQHandler                 0x0800032b   Thumb Code     0  startup_stm32l476xx.o(.text)
    DMA1_Channel4_IRQHandler                 0x0800032b   Thumb Code     0  startup_stm32l476xx.o(.text)
    DMA1_Channel5_IRQHandler                 0x0800032b   Thumb Code     0  startup_stm32l476xx.o(.text)
    DMA1_Channel6_IRQHandler                 0x0800032b   Thumb Code     0  startup_stm32l476xx.o(.text)
    DMA1_Channel7_IRQHandler                 0x0800032b   Thumb Code     0  startup_stm32l476xx.o(.text)
    DMA2_Channel1_IRQHandler                 0x0800032b   Thumb Code     0  startup_stm32l476xx.o(.text)
    DMA2_Channel2_IRQHandler                 0x0800032b   Thumb Code     0  startup_stm32l476xx.o(.text)
    DMA2_Channel3_IRQHandler                 0x0800032b   Thumb Code     0  startup_stm32l476xx.o(.text)
    DMA2_Channel4_IRQHandler                 0x0800032b   Thumb Code     0  startup_stm32l476xx.o(.text)
    DMA2_Channel5_IRQHandler                 0x0800032b   Thumb Code     0  startup_stm32l476xx.o(.text)
    DMA2_Channel6_IRQHandler                 0x0800032b   Thumb Code     0  startup_stm32l476xx.o(.text)
    DMA2_Channel7_IRQHandler                 0x0800032b   Thumb Code     0  startup_stm32l476xx.o(.text)
    EXTI0_IRQHandler                         0x0800032b   Thumb Code     0  startup_stm32l476xx.o(.text)
    EXTI15_10_IRQHandler                     0x0800032b   Thumb Code     0  startup_stm32l476xx.o(.text)
    EXTI1_IRQHandler                         0x0800032b   Thumb Code     0  startup_stm32l476xx.o(.text)
    EXTI2_IRQHandler                         0x0800032b   Thumb Code     0  startup_stm32l476xx.o(.text)
    EXTI3_IRQHandler                         0x0800032b   Thumb Code     0  startup_stm32l476xx.o(.text)
    EXTI4_IRQHandler                         0x0800032b   Thumb Code     0  startup_stm32l476xx.o(.text)
    EXTI9_5_IRQHandler                       0x0800032b   Thumb Code     0  startup_stm32l476xx.o(.text)
    FLASH_IRQHandler                         0x0800032b   Thumb Code     0  startup_stm32l476xx.o(.text)
    FMC_IRQHandler                           0x0800032b   Thumb Code     0  startup_stm32l476xx.o(.text)
    FPU_IRQHandler                           0x0800032b   Thumb Code     0  startup_stm32l476xx.o(.text)
    I2C1_ER_IRQHandler                       0x0800032b   Thumb Code     0  startup_stm32l476xx.o(.text)
    I2C1_EV_IRQHandler                       0x0800032b   Thumb Code     0  startup_stm32l476xx.o(.text)
    I2C2_ER_IRQHandler                       0x0800032b   Thumb Code     0  startup_stm32l476xx.o(.text)
    I2C2_EV_IRQHandler                       0x0800032b   Thumb Code     0  startup_stm32l476xx.o(.text)
    I2C3_ER_IRQHandler                       0x0800032b   Thumb Code     0  startup_stm32l476xx.o(.text)
    I2C3_EV_IRQHandler                       0x0800032b   Thumb Code     0  startup_stm32l476xx.o(.text)
    LCD_IRQHandler                           0x0800032b   Thumb Code     0  startup_stm32l476xx.o(.text)
    LPTIM1_IRQHandler                        0x0800032b   Thumb Code     0  startup_stm32l476xx.o(.text)
    LPTIM2_IRQHandler                        0x0800032b   Thumb Code     0  startup_stm32l476xx.o(.text)
    LPUART1_IRQHandler                       0x0800032b   Thumb Code     0  startup_stm32l476xx.o(.text)
    OTG_FS_IRQHandler                        0x0800032b   Thumb Code     0  startup_stm32l476xx.o(.text)
    PVD_PVM_IRQHandler                       0x0800032b   Thumb Code     0  startup_stm32l476xx.o(.text)
    QUADSPI_IRQHandler                       0x0800032b   Thumb Code     0  startup_stm32l476xx.o(.text)
    RCC_IRQHandler                           0x0800032b   Thumb Code     0  startup_stm32l476xx.o(.text)
    RNG_IRQHandler                           0x0800032b   Thumb Code     0  startup_stm32l476xx.o(.text)
    RTC_Alarm_IRQHandler                     0x0800032b   Thumb Code     0  startup_stm32l476xx.o(.text)
    RTC_WKUP_IRQHandler                      0x0800032b   Thumb Code     0  startup_stm32l476xx.o(.text)
    SAI1_IRQHandler                          0x0800032b   Thumb Code     0  startup_stm32l476xx.o(.text)
    SAI2_IRQHandler                          0x0800032b   Thumb Code     0  startup_stm32l476xx.o(.text)
    SDMMC1_IRQHandler                        0x0800032b   Thumb Code     0  startup_stm32l476xx.o(.text)
    SPI1_IRQHandler                          0x0800032b   Thumb Code     0  startup_stm32l476xx.o(.text)
    SPI2_IRQHandler                          0x0800032b   Thumb Code     0  startup_stm32l476xx.o(.text)
    SPI3_IRQHandler                          0x0800032b   Thumb Code     0  startup_stm32l476xx.o(.text)
    SWPMI1_IRQHandler                        0x0800032b   Thumb Code     0  startup_stm32l476xx.o(.text)
    TAMP_STAMP_IRQHandler                    0x0800032b   Thumb Code     0  startup_stm32l476xx.o(.text)
    TIM1_BRK_TIM15_IRQHandler                0x0800032b   Thumb Code     0  startup_stm32l476xx.o(.text)
    TIM1_CC_IRQHandler                       0x0800032b   Thumb Code     0  startup_stm32l476xx.o(.text)
    TIM1_TRG_COM_TIM17_IRQHandler            0x0800032b   Thumb Code     0  startup_stm32l476xx.o(.text)
    TIM1_UP_TIM16_IRQHandler                 0x0800032b   Thumb Code     0  startup_stm32l476xx.o(.text)
    TIM3_IRQHandler                          0x0800032b   Thumb Code     0  startup_stm32l476xx.o(.text)
    TIM4_IRQHandler                          0x0800032b   Thumb Code     0  startup_stm32l476xx.o(.text)
    TIM5_IRQHandler                          0x0800032b   Thumb Code     0  startup_stm32l476xx.o(.text)
    TIM6_DAC_IRQHandler                      0x0800032b   Thumb Code     0  startup_stm32l476xx.o(.text)
    TIM7_IRQHandler                          0x0800032b   Thumb Code     0  startup_stm32l476xx.o(.text)
    TIM8_BRK_IRQHandler                      0x0800032b   Thumb Code     0  startup_stm32l476xx.o(.text)
    TIM8_CC_IRQHandler                       0x0800032b   Thumb Code     0  startup_stm32l476xx.o(.text)
    TIM8_TRG_COM_IRQHandler                  0x0800032b   Thumb Code     0  startup_stm32l476xx.o(.text)
    TIM8_UP_IRQHandler                       0x0800032b   Thumb Code     0  startup_stm32l476xx.o(.text)
    TSC_IRQHandler                           0x0800032b   Thumb Code     0  startup_stm32l476xx.o(.text)
    UART4_IRQHandler                         0x0800032b   Thumb Code     0  startup_stm32l476xx.o(.text)
    UART5_IRQHandler                         0x0800032b   Thumb Code     0  startup_stm32l476xx.o(.text)
    USART1_IRQHandler                        0x0800032b   Thumb Code     0  startup_stm32l476xx.o(.text)
    USART2_IRQHandler                        0x0800032b   Thumb Code     0  startup_stm32l476xx.o(.text)
    USART3_IRQHandler                        0x0800032b   Thumb Code     0  startup_stm32l476xx.o(.text)
    WWDG_IRQHandler                          0x0800032b   Thumb Code     0  startup_stm32l476xx.o(.text)
    __user_initial_stackheap                 0x0800032d   Thumb Code     0  startup_stm32l476xx.o(.text)
    __aeabi_memcpy                           0x08000351   Thumb Code     0  rt_memcpy_v6.o(.text)
    __rt_memcpy                              0x08000351   Thumb Code   138  rt_memcpy_v6.o(.text)
    _memcpy_lastbytes                        0x080003b7   Thumb Code     0  rt_memcpy_v6.o(.text)
    __aeabi_memset                           0x080003db   Thumb Code    16  aeabi_memset.o(.text)
    __aeabi_memclr4                          0x080003eb   Thumb Code     0  rt_memclr_w.o(.text)
    __aeabi_memclr8                          0x080003eb   Thumb Code     0  rt_memclr_w.o(.text)
    __rt_memclr_w                            0x080003eb   Thumb Code    78  rt_memclr_w.o(.text)
    _memset_w                                0x080003ef   Thumb Code     0  rt_memclr_w.o(.text)
    __use_two_region_memory                  0x08000439   Thumb Code     2  heapauxi.o(.text)
    __rt_heap_escrow$2region                 0x0800043b   Thumb Code     2  heapauxi.o(.text)
    __rt_heap_expand$2region                 0x0800043d   Thumb Code     2  heapauxi.o(.text)
    __aeabi_memcpy4                          0x0800043f   Thumb Code     0  rt_memcpy_w.o(.text)
    __aeabi_memcpy8                          0x0800043f   Thumb Code     0  rt_memcpy_w.o(.text)
    __rt_memcpy_w                            0x0800043f   Thumb Code   100  rt_memcpy_w.o(.text)
    _memcpy_lastbytes_aligned                0x08000487   Thumb Code     0  rt_memcpy_w.o(.text)
    __aeabi_memclr                           0x080004a3   Thumb Code     0  rt_memclr.o(.text)
    __rt_memclr                              0x080004a3   Thumb Code    68  rt_memclr.o(.text)
    _memset                                  0x080004a7   Thumb Code     0  rt_memclr.o(.text)
    __user_setup_stackheap                   0x080004e7   Thumb Code    74  sys_stackheap_outer.o(.text)
    exit                                     0x08000531   Thumb Code    18  exit.o(.text)
    __user_libspace                          0x08000545   Thumb Code     8  libspace.o(.text)
    __user_perproc_libspace                  0x08000545   Thumb Code     0  libspace.o(.text)
    _sys_exit                                0x0800054d   Thumb Code     8  sys_exit.o(.text)
    __I$use$semihosting                      0x08000559   Thumb Code     0  use_no_semi.o(.text)
    __use_no_semihosting_swi                 0x08000559   Thumb Code     2  use_no_semi.o(.text)
    __semihosting_library_function           0x0800055b   Thumb Code     0  indicate_semi.o(.text)
    BuzzerInit                               0x0800055d   Thumb Code    32  buzzer.o(i.BuzzerInit)
    LedInit                                  0x08000599   Thumb Code    12  led.o(i.LedInit)
    LedRossoInit                             0x080005a5   Thumb Code    36  led.o(i.LedRossoInit)
    LedRossoOff                              0x080005d1   Thumb Code    14  led.o(i.LedRossoOff)
    LedRossoOn                               0x080005e5   Thumb Code    14  led.o(i.LedRossoOn)
    LedVerdeInit                             0x080005f9   Thumb Code    36  led.o(i.LedVerdeInit)
    LedVerdeOff                              0x08000625   Thumb Code    14  led.o(i.LedVerdeOff)
    LedVerdeOn                               0x08000639   Thumb Code    14  led.o(i.LedVerdeOn)
    SwCenterInit                             0x0800064d   Thumb Code    60  puls.o(i.SwCenterInit)
    SwDownInit                               0x0800068d   Thumb Code    60  puls.o(i.SwDownInit)
    SwInit                                   0x080006cd   Thumb Code    24  puls.o(i.SwInit)
    SwLeftInit                               0x080006e5   Thumb Code    60  puls.o(i.SwLeftInit)
    SwRightInit                              0x08000725   Thumb Code    60  puls.o(i.SwRightInit)
    SwUpInit                                 0x08000765   Thumb Code    60  puls.o(i.SwUpInit)
    SysTick_Handler                          0x080007a5   Thumb Code    22  cmsis_os2.o(i.SysTick_Handler)
    SystemCoreClockUpdate                    0x080007bd   Thumb Code   200  system_stm32l4xx.o(i.SystemCoreClockUpdate)
    SystemInit                               0x0800089d   Thumb Code    60  system_stm32l4xx.o(i.SystemInit)
    TIM1_CH2_Init                            0x080008e5   Thumb Code   142  mot.o(i.TIM1_CH2_Init)
    TIM2_CH1_InCapt_SM                       0x08000981   Thumb Code   226  ultrasuoni.o(i.TIM2_CH1_InCapt_SM)
    TIM2_IRQHandler                          0x08000a75   Thumb Code    36  ultrasuoni.o(i.TIM2_IRQHandler)
    TIM4_CH1_Init                            0x08000a9d   Thumb Code   122  ultrasuoni.o(i.TIM4_CH1_Init)
    _mutex_acquire                           0x08000b29   Thumb Code    22  clib_arm.o(i._mutex_acquire)
    _mutex_free                              0x08000b41   Thumb Code    46  clib_arm.o(i._mutex_free)
    _mutex_initialize                        0x08000b75   Thumb Code    86  clib_arm.o(i._mutex_initialize)
    _mutex_release                           0x08000bd5   Thumb Code    24  clib_arm.o(i._mutex_release)
    _platform_post_stackheap_init            0x08000bed   Thumb Code     2  clib_arm.o(i._platform_post_stackheap_init)
    digitalRead                              0x08000bef   Thumb Code    46  arduino.o(i.digitalRead)
    digitalWrite                             0x08000c1d   Thumb Code    56  arduino.o(i.digitalWrite)
    echoInit                                 0x08000c55   Thumb Code    60  ultrasuoni.o(i.echoInit)
    irInit                                   0x08000c95   Thumb Code    32  infrarossi.o(i.irInit)
    irRead                                   0x08000cd1   Thumb Code    10  infrarossi.o(i.irRead)
    main                                     0x08000cdd   Thumb Code    52  main.o(i.main)
    motInit                                  0x08000d15   Thumb Code   130  mot.o(i.motInit)
    motStart                                 0x08000ded   Thumb Code     8  mot.o(i.motStart)
    motStop                                  0x08000df9   Thumb Code     8  mot.o(i.motStop)
    oggettoRilevato                          0x08000e05   Thumb Code    22  ultrasuoni.o(i.oggettoRilevato)
    pinMode                                  0x08000e39   Thumb Code    84  arduino.o(i.pinMode)
    pllInit                                  0x08000e91   Thumb Code   264  sysclock.o(i.pllInit)
    pvPortMalloc                             0x08001925   Thumb Code   228  heap_4.o(i.pvPortMalloc)
    pvTaskIncrementMutexHeldCount            0x08001a21   Thumb Code    26  tasks.o(i.pvTaskIncrementMutexHeldCount)
    pxPortInitialiseStack                    0x08001a41   Thumb Code    38  port.o(i.pxPortInitialiseStack)
    trgInit                                  0x08001a6d   Thumb Code    62  ultrasuoni.o(i.trgInit)
    ultrsInit                                0x08001ab5   Thumb Code    32  ultrasuoni.o(i.ultrsInit)
    uxListRemove                             0x08001af5   Thumb Code    40  list.o(i.uxListRemove)
    uxTaskResetEventItemValue                0x08001b1d   Thumb Code    24  tasks.o(i.uxTaskResetEventItemValue)
    vApplicationGetIdleTaskMemory            0x08001b39   Thumb Code    14  cmsis_os2.o(i.vApplicationGetIdleTaskMemory)
    vApplicationGetTimerTaskMemory           0x08001b51   Thumb Code    14  cmsis_os2.o(i.vApplicationGetTimerTaskMemory)
    vApplicationStackOverflowHook            0x08001b69   Thumb Code     2  cmsis_os2.o(i.vApplicationStackOverflowHook)
    vListInitialise                          0x08001b6b   Thumb Code    26  list.o(i.vListInitialise)
    vListInitialiseItem                      0x08001b85   Thumb Code     6  list.o(i.vListInitialiseItem)
    vListInsert                              0x08001b8b   Thumb Code    52  list.o(i.vListInsert)
    vPortEnterCritical                       0x08001bc1   Thumb Code    30  port.o(i.vPortEnterCritical)
    vPortExitCritical                        0x08001be5   Thumb Code    28  port.o(i.vPortExitCritical)
    vPortFree                                0x08001c05   Thumb Code    74  heap_4.o(i.vPortFree)
    vPortSetupTimerInterrupt                 0x08001c5d   Thumb Code    36  port.o(i.vPortSetupTimerInterrupt)
    vQueueDelete                             0x08001c85   Thumb Code    20  queue.o(i.vQueueDelete)
    vQueueWaitForMessageRestricted           0x08001c99   Thumb Code    74  queue.o(i.vQueueWaitForMessageRestricted)
    vTaskBuzzerTest                          0x08001ce5   Thumb Code    52  buzzer.o(i.vTaskBuzzerTest)
    vTaskDelay                               0x08001d1d   Thumb Code    46  tasks.o(i.vTaskDelay)
    vTaskInternalSetTimeOutState             0x08001d51   Thumb Code    14  tasks.o(i.vTaskInternalSetTimeOutState)
    vTaskMissedYield                         0x08001d69   Thumb Code     8  tasks.o(i.vTaskMissedYield)
    vTaskMotPA0                              0x08001d75   Thumb Code    38  mot.o(i.vTaskMotPA0)
    vTaskMotPA2                              0x08001da1   Thumb Code    38  mot.o(i.vTaskMotPA2)
    vTaskPlaceOnEventList                    0x08001dcd   Thumb Code    28  tasks.o(i.vTaskPlaceOnEventList)
    vTaskPlaceOnEventListRestricted          0x08001ded   Thumb Code    70  tasks.o(i.vTaskPlaceOnEventListRestricted)
    vTaskPlaceOnUnorderedEventList           0x08001e39   Thumb Code    74  tasks.o(i.vTaskPlaceOnUnorderedEventList)
    vTaskPriorityDisinheritAfterTimeout      0x08001e89   Thumb Code   182  tasks.o(i.vTaskPriorityDisinheritAfterTimeout)
    vTaskRemoveFromUnorderedEventList        0x08001f49   Thumb Code   188  tasks.o(i.vTaskRemoveFromUnorderedEventList)
    vTaskRilevaColore                        0x08002015   Thumb Code    72  infrarossi.o(i.vTaskRilevaColore)
    vTaskStartScheduler                      0x08002061   Thumb Code   124  tasks.o(i.vTaskStartScheduler)
    vTaskSuspendAll                          0x080020fd   Thumb Code    12  tasks.o(i.vTaskSuspendAll)
    vTaskSwitchContext                       0x0800210d   Thumb Code   154  tasks.o(i.vTaskSwitchContext)
    vTask_Motore                             0x080021bd   Thumb Code    48  mot.o(i.vTask_Motore)
    vTask_SensUltrasuoni                     0x080021f1   Thumb Code    12  ultrasuoni.o(i.vTask_SensUltrasuoni)
    xEventGroupCreate                        0x080021fd   Thumb Code    30  event_groups.o(i.xEventGroupCreate)
    xEventGroupSetBits                       0x0800221b   Thumb Code   146  event_groups.o(i.xEventGroupSetBits)
    xEventGroupWaitBits                      0x080022b5   Thumb Code   198  event_groups.o(i.xEventGroupWaitBits)
    xPortStartScheduler                      0x08002389   Thumb Code    58  port.o(i.xPortStartScheduler)
    xPortSysTickHandler                      0x080023d1   Thumb Code    46  port.o(i.xPortSysTickHandler)
    xQueueCreateMutex                        0x08002405   Thumb Code    34  queue.o(i.xQueueCreateMutex)
    xQueueCreateMutexStatic                  0x08002427   Thumb Code    42  queue.o(i.xQueueCreateMutexStatic)
    xQueueGenericCreate                      0x08002451   Thumb Code    82  queue.o(i.xQueueGenericCreate)
    xQueueGenericCreateStatic                0x080024a3   Thumb Code    62  queue.o(i.xQueueGenericCreateStatic)
    xQueueGenericReset                       0x080024e1   Thumb Code   156  queue.o(i.xQueueGenericReset)
    xQueueGenericSend                        0x08002581   Thumb Code   276  queue.o(i.xQueueGenericSend)
    xQueueReceive                            0x08002699   Thumb Code   256  queue.o(i.xQueueReceive)
    xQueueSemaphoreTake                      0x0800279d   Thumb Code   300  queue.o(i.xQueueSemaphoreTake)
    xTaskCheckForTimeOut                     0x080028cd   Thumb Code    88  tasks.o(i.xTaskCheckForTimeOut)
    xTaskCreate                              0x0800292d   Thumb Code   100  tasks.o(i.xTaskCreate)
    xTaskCreateStatic                        0x08002997   Thumb Code    78  tasks.o(i.xTaskCreateStatic)
    xTaskGetSchedulerState                   0x080029ed   Thumb Code    24  tasks.o(i.xTaskGetSchedulerState)
    xTaskGetTickCount                        0x08002a0d   Thumb Code     6  tasks.o(i.xTaskGetTickCount)
    xTaskIncrementTick                       0x08002a19   Thumb Code   354  tasks.o(i.xTaskIncrementTick)
    xTaskPriorityDisinherit                  0x08002ba9   Thumb Code   138  tasks.o(i.xTaskPriorityDisinherit)
    xTaskPriorityInherit                     0x08002c3d   Thumb Code   202  tasks.o(i.xTaskPriorityInherit)
    xTaskRemoveFromEventList                 0x08002d15   Thumb Code   238  tasks.o(i.xTaskRemoveFromEventList)
    xTaskResumeAll                           0x08002e1d   Thumb Code   308  tasks.o(i.xTaskResumeAll)
    xTimerCreateTimerTask                    0x08002f75   Thumb Code    76  timers.o(i.xTimerCreateTimerTask)
    _fp_init                                 0x08002fd5   Thumb Code    10  fpinit.o(x$fpl$fpinit)
    __fplib_config_fpu_vfp                   0x08002fdd   Thumb Code     0  fpinit.o(x$fpl$fpinit)
    __fplib_config_pureend_doubles           0x08002fdd   Thumb Code     0  fpinit.o(x$fpl$fpinit)
    AHBPrescTable                            0x08002fe0   Data          16  system_stm32l4xx.o(.constdata)
    APBPrescTable                            0x08002ff0   Data           8  system_stm32l4xx.o(.constdata)
    MSIRangeTable                            0x08002ff8   Data          48  system_stm32l4xx.o(.constdata)
    Region$$Table$$Base                      0x08003028   Number         0  anon$$obj.o(Region$$Table)
    Region$$Table$$Limit                     0x08003048   Number         0  anon$$obj.o(Region$$Table)
    xEventGroupRullo                         0x20000000   Data           4  main.o(.data)
    oggetto_rilevato                         0x20000004   Data           4  ultrasuoni.o(.data)
    SystemCoreClock                          0x20000008   Data           4  system_stm32l4xx.o(.data)
    pxCurrentTCB                             0x20000030   Data           4  tasks.o(.data)
    uxTopUsedPriority                        0x20000068   Data           4  tasks.o(.data)
    __libspace_start                         0x20002d9c   Data          96  libspace.o(.bss)
    __temporary_stack_top$libspace           0x20002dfc   Data           0  libspace.o(.bss)



==============================================================================

Memory Map of the image

  Image Entry point : 0x08000311

  Load Region LR_1 (Base: 0x08000000, Size: 0x000030cc, Max: 0xffffffff, ABSOLUTE)

    Execution Region ER_RO (Exec base: 0x08000000, Load base: 0x08000000, Size: 0x00003048, Max: 0xffffffff, ABSOLUTE)

    Exec Addr    Load Addr    Size         Type   Attr      Idx    E Section Name        Object

    0x08000000   0x08000000   0x00000188   Data   RO         1533    RESET               startup_stm32l476xx.o
    0x08000188   0x08000188   0x00000008   Code   RO         2932  * !!!main             c_w.l(__main.o)
    0x08000190   0x08000190   0x00000034   Code   RO         3093    !!!scatter          c_w.l(__scatter.o)
    0x080001c4   0x080001c4   0x0000001a   Code   RO         3095    !!handler_copy      c_w.l(__scatter_copy.o)
    0x080001de   0x080001de   0x00000002   PAD
    0x080001e0   0x080001e0   0x0000001c   Code   RO         3097    !!handler_zi        c_w.l(__scatter_zi.o)
    0x080001fc   0x080001fc   0x00000002   Code   RO         2961    .ARM.Collect$$libinit$$00000000  c_w.l(libinit.o)
    0x080001fe   0x080001fe   0x00000004   Code   RO         2967    .ARM.Collect$$libinit$$00000001  c_w.l(libinit2.o)
    0x08000202   0x08000202   0x00000000   Code   RO         2970    .ARM.Collect$$libinit$$00000004  c_w.l(libinit2.o)
    0x08000202   0x08000202   0x00000000   Code   RO         2973    .ARM.Collect$$libinit$$0000000A  c_w.l(libinit2.o)
    0x08000202   0x08000202   0x00000000   Code   RO         2975    .ARM.Collect$$libinit$$0000000C  c_w.l(libinit2.o)
    0x08000202   0x08000202   0x00000000   Code   RO         2977    .ARM.Collect$$libinit$$0000000E  c_w.l(libinit2.o)
    0x08000202   0x08000202   0x00000000   Code   RO         2980    .ARM.Collect$$libinit$$00000011  c_w.l(libinit2.o)
    0x08000202   0x08000202   0x00000000   Code   RO         2982    .ARM.Collect$$libinit$$00000013  c_w.l(libinit2.o)
    0x08000202   0x08000202   0x00000000   Code   RO         2984    .ARM.Collect$$libinit$$00000015  c_w.l(libinit2.o)
    0x08000202   0x08000202   0x00000000   Code   RO         2986    .ARM.Collect$$libinit$$00000017  c_w.l(libinit2.o)
    0x08000202   0x08000202   0x00000000   Code   RO         2988    .ARM.Collect$$libinit$$00000019  c_w.l(libinit2.o)
    0x08000202   0x08000202   0x00000000   Code   RO         2990    .ARM.Collect$$libinit$$0000001B  c_w.l(libinit2.o)
    0x08000202   0x08000202   0x00000000   Code   RO         2992    .ARM.Collect$$libinit$$0000001D  c_w.l(libinit2.o)
    0x08000202   0x08000202   0x00000000   Code   RO         2994    .ARM.Collect$$libinit$$0000001F  c_w.l(libinit2.o)
    0x08000202   0x08000202   0x00000000   Code   RO         2996    .ARM.Collect$$libinit$$00000021  c_w.l(libinit2.o)
    0x08000202   0x08000202   0x00000000   Code   RO         2998    .ARM.Collect$$libinit$$00000023  c_w.l(libinit2.o)
    0x08000202   0x08000202   0x00000000   Code   RO         3000    .ARM.Collect$$libinit$$00000025  c_w.l(libinit2.o)
    0x08000202   0x08000202   0x00000000   Code   RO         3004    .ARM.Collect$$libinit$$0000002C  c_w.l(libinit2.o)
    0x08000202   0x08000202   0x00000000   Code   RO         3006    .ARM.Collect$$libinit$$0000002E  c_w.l(libinit2.o)
    0x08000202   0x08000202   0x00000000   Code   RO         3008    .ARM.Collect$$libinit$$00000030  c_w.l(libinit2.o)
    0x08000202   0x08000202   0x00000000   Code   RO         3010    .ARM.Collect$$libinit$$00000032  c_w.l(libinit2.o)
    0x08000202   0x08000202   0x00000002   Code   RO         3011    .ARM.Collect$$libinit$$00000033  c_w.l(libinit2.o)
    0x08000204   0x08000204   0x00000002   Code   RO         3031    .ARM.Collect$$libshutdown$$00000000  c_w.l(libshutdown.o)
    0x08000206   0x08000206   0x00000000   Code   RO         3044    .ARM.Collect$$libshutdown$$00000002  c_w.l(libshutdown2.o)
    0x08000206   0x08000206   0x00000000   Code   RO         3046    .ARM.Collect$$libshutdown$$00000004  c_w.l(libshutdown2.o)
    0x08000206   0x08000206   0x00000000   Code   RO         3048    .ARM.Collect$$libshutdown$$00000006  c_w.l(libshutdown2.o)
    0x08000206   0x08000206   0x00000000   Code   RO         3051    .ARM.Collect$$libshutdown$$00000009  c_w.l(libshutdown2.o)
    0x08000206   0x08000206   0x00000000   Code   RO         3054    .ARM.Collect$$libshutdown$$0000000C  c_w.l(libshutdown2.o)
    0x08000206   0x08000206   0x00000000   Code   RO         3056    .ARM.Collect$$libshutdown$$0000000E  c_w.l(libshutdown2.o)
    0x08000206   0x08000206   0x00000000   Code   RO         3059    .ARM.Collect$$libshutdown$$00000011  c_w.l(libshutdown2.o)
    0x08000206   0x08000206   0x00000002   Code   RO         3060    .ARM.Collect$$libshutdown$$00000012  c_w.l(libshutdown2.o)
    0x08000208   0x08000208   0x00000000   Code   RO         2934    .ARM.Collect$$rtentry$$00000000  c_w.l(__rtentry.o)
    0x08000208   0x08000208   0x00000000   Code   RO         2940    .ARM.Collect$$rtentry$$00000002  c_w.l(__rtentry2.o)
    0x08000208   0x08000208   0x00000006   Code   RO         2952    .ARM.Collect$$rtentry$$00000004  c_w.l(__rtentry4.o)
    0x0800020e   0x0800020e   0x00000008   Code   RO         2941    .ARM.Collect$$rtentry$$00000008  c_w.l(__rtentry2.o)
    0x08000216   0x08000216   0x00000004   Code   RO         2943    .ARM.Collect$$rtentry$$0000000A  c_w.l(__rtentry2.o)
    0x0800021a   0x0800021a   0x00000000   Code   RO         2945    .ARM.Collect$$rtentry$$0000000C  c_w.l(__rtentry2.o)
    0x0800021a   0x0800021a   0x00000008   Code   RO         2946    .ARM.Collect$$rtentry$$0000000D  c_w.l(__rtentry2.o)
    0x08000222   0x08000222   0x00000002   Code   RO         2965    .ARM.Collect$$rtexit$$00000000  c_w.l(rtexit.o)
    0x08000224   0x08000224   0x00000000   Code   RO         3013    .ARM.Collect$$rtexit$$00000002  c_w.l(rtexit2.o)
    0x08000224   0x08000224   0x00000004   Code   RO         3014    .ARM.Collect$$rtexit$$00000003  c_w.l(rtexit2.o)
    0x08000228   0x08000228   0x00000006   Code   RO         3015    .ARM.Collect$$rtexit$$00000004  c_w.l(rtexit2.o)
    0x0800022e   0x0800022e   0x00000002   PAD
    0x08000230   0x08000230   0x000000de   Code   RO         1863    .emb_text           port.o
    0x0800030e   0x0800030e   0x00000002   PAD
    0x08000310   0x08000310   0x00000040   Code   RO         1534  * .text               startup_stm32l476xx.o
    0x08000350   0x08000350   0x0000008a   Code   RO         2924    .text               c_w.l(rt_memcpy_v6.o)
    0x080003da   0x080003da   0x00000010   Code   RO         2926    .text               c_w.l(aeabi_memset.o)
    0x080003ea   0x080003ea   0x0000004e   Code   RO         2928    .text               c_w.l(rt_memclr_w.o)
    0x08000438   0x08000438   0x00000006   Code   RO         2930    .text               c_w.l(heapauxi.o)
    0x0800043e   0x0800043e   0x00000064   Code   RO         2935    .text               c_w.l(rt_memcpy_w.o)
    0x080004a2   0x080004a2   0x00000044   Code   RO         2937    .text               c_w.l(rt_memclr.o)
    0x080004e6   0x080004e6   0x0000004a   Code   RO         2954    .text               c_w.l(sys_stackheap_outer.o)
    0x08000530   0x08000530   0x00000012   Code   RO         2956    .text               c_w.l(exit.o)
    0x08000542   0x08000542   0x00000002   PAD
    0x08000544   0x08000544   0x00000008   Code   RO         2962    .text               c_w.l(libspace.o)
    0x0800054c   0x0800054c   0x0000000c   Code   RO         3023    .text               c_w.l(sys_exit.o)
    0x08000558   0x08000558   0x00000002   Code   RO         3034    .text               c_w.l(use_no_semi.o)
    0x0800055a   0x0800055a   0x00000000   Code   RO         3036    .text               c_w.l(indicate_semi.o)
    0x0800055a   0x0800055a   0x00000002   PAD
    0x0800055c   0x0800055c   0x0000003c   Code   RO          820    i.BuzzerInit        buzzer.o
    0x08000598   0x08000598   0x0000000c   Code   RO          390    i.LedInit           led.o
    0x080005a4   0x080005a4   0x0000002c   Code   RO          393    i.LedRossoInit      led.o
    0x080005d0   0x080005d0   0x00000014   Code   RO          394    i.LedRossoOff       led.o
    0x080005e4   0x080005e4   0x00000014   Code   RO          395    i.LedRossoOn        led.o
    0x080005f8   0x080005f8   0x0000002c   Code   RO          401    i.LedVerdeInit      led.o
    0x08000624   0x08000624   0x00000014   Code   RO          402    i.LedVerdeOff       led.o
    0x08000638   0x08000638   0x00000014   Code   RO          403    i.LedVerdeOn        led.o
    0x0800064c   0x0800064c   0x00000040   Code   RO          134    i.SwCenterInit      puls.o
    0x0800068c   0x0800068c   0x00000040   Code   RO          136    i.SwDownInit        puls.o
    0x080006cc   0x080006cc   0x00000018   Code   RO          139    i.SwInit            puls.o
    0x080006e4   0x080006e4   0x00000040   Code   RO          143    i.SwLeftInit        puls.o
    0x08000724   0x08000724   0x00000040   Code   RO          148    i.SwRightInit       puls.o
    0x08000764   0x08000764   0x00000040   Code   RO          151    i.SwUpInit          puls.o
    0x080007a4   0x080007a4   0x00000016   Code   RO          934    i.SysTick_Handler   cmsis_os2.o
    0x080007ba   0x080007ba   0x00000002   PAD
    0x080007bc   0x080007bc   0x000000e0   Code   RO         1541    i.SystemCoreClockUpdate  system_stm32l4xx.o
    0x0800089c   0x0800089c   0x00000048   Code   RO         1542    i.SystemInit        system_stm32l4xx.o
    0x080008e4   0x080008e4   0x0000009c   Code   RO          509    i.TIM1_CH2_Init     mot.o
    0x08000980   0x08000980   0x000000f4   Code   RO          651    i.TIM2_CH1_InCapt_SM  ultrasuoni.o
    0x08000a74   0x08000a74   0x00000028   Code   RO          652    i.TIM2_IRQHandler   ultrasuoni.o
    0x08000a9c   0x08000a9c   0x0000008c   Code   RO          653    i.TIM4_CH1_Init     ultrasuoni.o
    0x08000b28   0x08000b28   0x00000016   Code   RO          852    i._mutex_acquire    clib_arm.o
    0x08000b3e   0x08000b3e   0x00000002   PAD
    0x08000b40   0x08000b40   0x00000034   Code   RO          853    i._mutex_free       clib_arm.o
    0x08000b74   0x08000b74   0x00000060   Code   RO          854    i._mutex_initialize  clib_arm.o
    0x08000bd4   0x08000bd4   0x00000018   Code   RO          855    i._mutex_release    clib_arm.o
    0x08000bec   0x08000bec   0x00000002   Code   RO          856    i._platform_post_stackheap_init  clib_arm.o
    0x08000bee   0x08000bee   0x0000002e   Code   RO          603    i.digitalRead       arduino.o
    0x08000c1c   0x08000c1c   0x00000038   Code   RO          604    i.digitalWrite      arduino.o
    0x08000c54   0x08000c54   0x00000040   Code   RO          654    i.echoInit          ultrasuoni.o
    0x08000c94   0x08000c94   0x0000003c   Code   RO          725    i.irInit            infrarossi.o
    0x08000cd0   0x08000cd0   0x0000000a   Code   RO          726    i.irRead            infrarossi.o
    0x08000cda   0x08000cda   0x00000002   PAD
    0x08000cdc   0x08000cdc   0x00000038   Code   RO            4    i.main              main.o
    0x08000d14   0x08000d14   0x000000d8   Code   RO          510    i.motInit           mot.o
    0x08000dec   0x08000dec   0x0000000c   Code   RO          511    i.motStart          mot.o
    0x08000df8   0x08000df8   0x0000000c   Code   RO          512    i.motStop           mot.o
    0x08000e04   0x08000e04   0x00000020   Code   RO          655    i.oggettoRilevato   ultrasuoni.o
    0x08000e24   0x08000e24   0x00000012   Code   RO          857    i.os_kernel_is_active  clib_arm.o
    0x08000e36   0x08000e36   0x00000002   PAD
    0x08000e38   0x08000e38   0x00000058   Code   RO          605    i.pinMode           arduino.o
    0x08000e90   0x08000e90   0x00000110   Code   RO          574    i.pllInit           sysclock.o
    0x08000fa0   0x08000fa0   0x000000a4   Code   RO         2348    i.prvAddCurrentTaskToDelayedList  tasks.o
    0x08001044   0x08001044   0x000000e8   Code   RO         2349    i.prvAddNewTaskToReadyList  tasks.o
    0x0800112c   0x0800112c   0x0000005c   Code   RO         2745    i.prvCheckForValidListAndQueue  timers.o
    0x08001188   0x08001188   0x00000048   Code   RO         2350    i.prvCheckTasksWaitingTermination  tasks.o
    0x080011d0   0x080011d0   0x0000002a   Code   RO         1946    i.prvCopyDataFromQueue  queue.o
    0x080011fa   0x080011fa   0x0000007e   Code   RO         1947    i.prvCopyDataToQueue  queue.o
    0x08001278   0x08001278   0x00000028   Code   RO         2351    i.prvDeleteTCB      tasks.o
    0x080012a0   0x080012a0   0x00000014   Code   RO         1948    i.prvGetDisinheritPriorityAfterTimeout  queue.o
    0x080012b4   0x080012b4   0x00000028   Code   RO         2746    i.prvGetNextExpireTime  timers.o
    0x080012dc   0x080012dc   0x0000007c   Code   RO         1796    i.prvHeapInit       heap_4.o
    0x08001358   0x08001358   0x00000028   Code   RO         2352    i.prvIdleTask       tasks.o
    0x08001380   0x08001380   0x0000001e   Code   RO         1949    i.prvInitialiseMutex  queue.o
    0x0800139e   0x0800139e   0x0000002a   Code   RO         1950    i.prvInitialiseNewQueue  queue.o
    0x080013c8   0x080013c8   0x000000a0   Code   RO         2353    i.prvInitialiseNewTask  tasks.o
    0x08001468   0x08001468   0x00000068   Code   RO         2354    i.prvInitialiseTaskLists  tasks.o
    0x080014d0   0x080014d0   0x00000068   Code   RO         1797    i.prvInsertBlockIntoFreeList  heap_4.o
    0x08001538   0x08001538   0x00000058   Code   RO         2748    i.prvInsertTimerInActiveList  timers.o
    0x08001590   0x08001590   0x0000001a   Code   RO         1951    i.prvIsQueueEmpty   queue.o
    0x080015aa   0x080015aa   0x0000001e   Code   RO         1952    i.prvIsQueueFull    queue.o
    0x080015c8   0x080015c8   0x00000044   Code   RO         2749    i.prvProcessExpiredTimer  timers.o
    0x0800160c   0x0800160c   0x00000110   Code   RO         2750    i.prvProcessReceivedCommands  timers.o
    0x0800171c   0x0800171c   0x00000074   Code   RO         2751    i.prvProcessTimerOrBlockTask  timers.o
    0x08001790   0x08001790   0x00000028   Code   RO         2752    i.prvReloadTimer    timers.o
    0x080017b8   0x080017b8   0x00000030   Code   RO         2356    i.prvResetNextTaskUnblockTime  tasks.o
    0x080017e8   0x080017e8   0x0000002c   Code   RO         2753    i.prvSampleTimeNow  timers.o
    0x08001814   0x08001814   0x00000044   Code   RO         2754    i.prvSwitchTimerLists  timers.o
    0x08001858   0x08001858   0x00000016   Code   RO         1864    i.prvTaskExitError  port.o
    0x0800186e   0x0800186e   0x0000001e   Code   RO         1620    i.prvTestWaitCondition  event_groups.o
    0x0800188c   0x0800188c   0x0000001a   Code   RO         2755    i.prvTimerTask      timers.o
    0x080018a6   0x080018a6   0x0000007e   Code   RO         1953    i.prvUnlockQueue    queue.o
    0x08001924   0x08001924   0x000000fc   Code   RO         1798    i.pvPortMalloc      heap_4.o
    0x08001a20   0x08001a20   0x00000020   Code   RO         2359    i.pvTaskIncrementMutexHeldCount  tasks.o
    0x08001a40   0x08001a40   0x0000002c   Code   RO         1865    i.pxPortInitialiseStack  port.o
    0x08001a6c   0x08001a6c   0x00000048   Code   RO          656    i.trgInit           ultrasuoni.o
    0x08001ab4   0x08001ab4   0x00000040   Code   RO          657    i.ultrsInit         ultrasuoni.o
    0x08001af4   0x08001af4   0x00000028   Code   RO         1745    i.uxListRemove      list.o
    0x08001b1c   0x08001b1c   0x0000001c   Code   RO         2368    i.uxTaskResetEventItemValue  tasks.o
    0x08001b38   0x08001b38   0x00000018   Code   RO         1007    i.vApplicationGetIdleTaskMemory  cmsis_os2.o
    0x08001b50   0x08001b50   0x00000018   Code   RO         1008    i.vApplicationGetTimerTaskMemory  cmsis_os2.o
    0x08001b68   0x08001b68   0x00000002   Code   RO         1009    i.vApplicationStackOverflowHook  cmsis_os2.o
    0x08001b6a   0x08001b6a   0x0000001a   Code   RO         1746    i.vListInitialise   list.o
    0x08001b84   0x08001b84   0x00000006   Code   RO         1747    i.vListInitialiseItem  list.o
    0x08001b8a   0x08001b8a   0x00000034   Code   RO         1748    i.vListInsert       list.o
    0x08001bbe   0x08001bbe   0x00000002   PAD
    0x08001bc0   0x08001bc0   0x00000024   Code   RO         1867    i.vPortEnterCritical  port.o
    0x08001be4   0x08001be4   0x00000020   Code   RO         1868    i.vPortExitCritical  port.o
    0x08001c04   0x08001c04   0x00000058   Code   RO         1799    i.vPortFree         heap_4.o
    0x08001c5c   0x08001c5c   0x00000028   Code   RO         1869    i.vPortSetupTimerInterrupt  port.o
    0x08001c84   0x08001c84   0x00000014   Code   RO         1959    i.vQueueDelete      queue.o
    0x08001c98   0x08001c98   0x0000004a   Code   RO         1961    i.vQueueWaitForMessageRestricted  queue.o
    0x08001ce2   0x08001ce2   0x00000002   PAD
    0x08001ce4   0x08001ce4   0x00000038   Code   RO          821    i.vTaskBuzzerTest   buzzer.o
    0x08001d1c   0x08001d1c   0x00000034   Code   RO         2369    i.vTaskDelay        tasks.o
    0x08001d50   0x08001d50   0x00000018   Code   RO         2374    i.vTaskInternalSetTimeOutState  tasks.o
    0x08001d68   0x08001d68   0x0000000c   Code   RO         2375    i.vTaskMissedYield  tasks.o
    0x08001d74   0x08001d74   0x0000002c   Code   RO          513    i.vTaskMotPA0       mot.o
    0x08001da0   0x08001da0   0x0000002c   Code   RO          514    i.vTaskMotPA2       mot.o
    0x08001dcc   0x08001dcc   0x00000020   Code   RO         2376    i.vTaskPlaceOnEventList  tasks.o
    0x08001dec   0x08001dec   0x0000004c   Code   RO         2377    i.vTaskPlaceOnEventListRestricted  tasks.o
    0x08001e38   0x08001e38   0x00000050   Code   RO         2378    i.vTaskPlaceOnUnorderedEventList  tasks.o
    0x08001e88   0x08001e88   0x000000c0   Code   RO         2379    i.vTaskPriorityDisinheritAfterTimeout  tasks.o
    0x08001f48   0x08001f48   0x000000cc   Code   RO         2381    i.vTaskRemoveFromUnorderedEventList  tasks.o
    0x08002014   0x08002014   0x0000004c   Code   RO          727    i.vTaskRilevaColore  infrarossi.o
    0x08002060   0x08002060   0x0000009c   Code   RO         2385    i.vTaskStartScheduler  tasks.o
    0x080020fc   0x080020fc   0x00000010   Code   RO         2387    i.vTaskSuspendAll   tasks.o
    0x0800210c   0x0800210c   0x000000b0   Code   RO         2388    i.vTaskSwitchContext  tasks.o
    0x080021bc   0x080021bc   0x00000034   Code   RO          515    i.vTask_Motore      mot.o
    0x080021f0   0x080021f0   0x0000000c   Code   RO          658    i.vTask_SensUltrasuoni  ultrasuoni.o
    0x080021fc   0x080021fc   0x0000001e   Code   RO         1628    i.xEventGroupCreate  event_groups.o
    0x0800221a   0x0800221a   0x00000098   Code   RO         1631    i.xEventGroupSetBits  event_groups.o
    0x080022b2   0x080022b2   0x00000002   PAD
    0x080022b4   0x080022b4   0x000000d2   Code   RO         1634    i.xEventGroupWaitBits  event_groups.o
    0x08002386   0x08002386   0x00000002   PAD
    0x08002388   0x08002388   0x00000048   Code   RO         1870    i.xPortStartScheduler  port.o
    0x080023d0   0x080023d0   0x00000034   Code   RO         1871    i.xPortSysTickHandler  port.o
    0x08002404   0x08002404   0x00000022   Code   RO         1964    i.xQueueCreateMutex  queue.o
    0x08002426   0x08002426   0x0000002a   Code   RO         1965    i.xQueueCreateMutexStatic  queue.o
    0x08002450   0x08002450   0x00000052   Code   RO         1966    i.xQueueGenericCreate  queue.o
    0x080024a2   0x080024a2   0x0000003e   Code   RO         1967    i.xQueueGenericCreateStatic  queue.o
    0x080024e0   0x080024e0   0x000000a0   Code   RO         1968    i.xQueueGenericReset  queue.o
    0x08002580   0x08002580   0x00000118   Code   RO         1969    i.xQueueGenericSend  queue.o
    0x08002698   0x08002698   0x00000104   Code   RO         1979    i.xQueueReceive     queue.o
    0x0800279c   0x0800279c   0x00000130   Code   RO         1981    i.xQueueSemaphoreTake  queue.o
    0x080028cc   0x080028cc   0x00000060   Code   RO         2390    i.xTaskCheckForTimeOut  tasks.o
    0x0800292c   0x0800292c   0x0000006a   Code   RO         2391    i.xTaskCreate       tasks.o
    0x08002996   0x08002996   0x00000054   Code   RO         2392    i.xTaskCreateStatic  tasks.o
    0x080029ea   0x080029ea   0x00000002   PAD
    0x080029ec   0x080029ec   0x00000020   Code   RO         2399    i.xTaskGetSchedulerState  tasks.o
    0x08002a0c   0x08002a0c   0x0000000c   Code   RO         2400    i.xTaskGetTickCount  tasks.o
    0x08002a18   0x08002a18   0x00000190   Code   RO         2402    i.xTaskIncrementTick  tasks.o
    0x08002ba8   0x08002ba8   0x00000094   Code   RO         2403    i.xTaskPriorityDisinherit  tasks.o
    0x08002c3c   0x08002c3c   0x000000d8   Code   RO         2404    i.xTaskPriorityInherit  tasks.o
    0x08002d14   0x08002d14   0x00000108   Code   RO         2405    i.xTaskRemoveFromEventList  tasks.o
    0x08002e1c   0x08002e1c   0x00000158   Code   RO         2406    i.xTaskResumeAll    tasks.o
    0x08002f74   0x08002f74   0x00000060   Code   RO         2764    i.xTimerCreateTimerTask  timers.o
    0x08002fd4   0x08002fd4   0x0000000a   Code   RO         3021    x$fpl$fpinit        fz_wm.l(fpinit.o)
    0x08002fde   0x08002fde   0x00000002   PAD
    0x08002fe0   0x08002fe0   0x00000048   Data   RO         1543    .constdata          system_stm32l4xx.o
    0x08003028   0x08003028   0x00000020   Data   RO         3091    Region$$Table       anon$$obj.o


    Execution Region ER_RW (Exec base: 0x20000000, Load base: 0x08003048, Size: 0x00000084, Max: 0xffffffff, ABSOLUTE)

    Exec Addr    Load Addr    Size         Type   Attr      Idx    E Section Name        Object

    0x20000000   0x08003048   0x00000004   Data   RW            5    .data               main.o
    0x20000004   0x0800304c   0x00000004   Data   RW          659    .data               ultrasuoni.o
    0x20000008   0x08003050   0x00000004   Data   RW         1544    .data               system_stm32l4xx.o
    0x2000000c   0x08003054   0x00000020   Data   RW         1805    .data               heap_4.o
    0x2000002c   0x08003074   0x00000004   Data   RW         1872    .data               port.o
    0x20000030   0x08003078   0x00000040   Data   RW         2409    .data               tasks.o
    0x20000070   0x080030b8   0x00000014   Data   RW         2773    .data               timers.o


    Execution Region ER_ZI (Exec base: 0x20000084, Load base: 0x080030cc, Size: 0x0000337c, Max: 0xffffffff, ABSOLUTE)

    Exec Addr    Load Addr    Size         Type   Attr      Idx    E Section Name        Object

    0x20000084        -       0x00000394   Zero   RW          858    .bss                clib_arm.o
    0x20000418        -       0x000003f8   Zero   RW         1010    .bss                cmsis_os2.o
    0x20000810        -       0x00002000   Zero   RW         1804    .bss                heap_4.o
    0x20002810        -       0x000004c4   Zero   RW         2408    .bss                tasks.o
    0x20002cd4        -       0x000000c8   Zero   RW         2772    .bss                timers.o
    0x20002d9c        -       0x00000060   Zero   RW         2963    .bss                c_w.l(libspace.o)
    0x20002dfc   0x080030cc   0x00000004   PAD
    0x20002e00        -       0x00000200   Zero   RW         1532    HEAP                startup_stm32l476xx.o
    0x20003000        -       0x00000400   Zero   RW         1531    STACK               startup_stm32l476xx.o


==============================================================================

Image component sizes


      Code (inc. data)   RO Data    RW Data    ZI Data      Debug   Object Name

       190          4          0          0          0       2283   arduino.o
       116         32          0          0          0       1614   buzzer.o
       214         16          0          0        916      19956   clib_arm.o
        72         20          0          0       1016      30099   cmsis_os2.o
       422          6          0          0          0      16851   event_groups.o
       568         72          0         32       8192       4203   heap_4.o
       146         32          0          0          0       2133   infrarossi.o
       180         40          0          0          0       3102   led.o
       124          0          0          0          0      12185   list.o
        56          4          0          4          0     682494   main.o
       536        124          0          0          0       4137   mot.o
       520         56          0          4          0       9668   port.o
       344         20          0          0          0       2739   puls.o
      1760         16          0          0          0      18447   queue.o
        64         26        392          0       1536        884   startup_stm32l476xx.o
       272          8          0          0          0        730   sysclock.o
       296         36         72          4          0       2277   system_stm32l4xx.o
      3642        398          0         64       1220      48130   tasks.o
       950        110          0         20        200      11736   timers.o
       668         96          0          4          0      34583   ultrasuoni.o

    ----------------------------------------------------------------------
     11160       1116        496        132      13080     908251   Object Totals
         0          0         32          0          0          0   (incl. Generated)
        20          0          0          0          0          0   (incl. Padding)

    ----------------------------------------------------------------------

      Code (inc. data)   RO Data    RW Data    ZI Data      Debug   Library Member Name

         8          0          0          0          0         68   __main.o
         0          0          0          0          0          0   __rtentry.o
        20          0          0          0          0          0   __rtentry2.o
         6          0          0          0          0          0   __rtentry4.o
        52          8          0          0          0          0   __scatter.o
        26          0          0          0          0          0   __scatter_copy.o
        28          0          0          0          0          0   __scatter_zi.o
        16          0          0          0          0         68   aeabi_memset.o
        18          0          0          0          0         80   exit.o
         6          0          0          0          0        152   heapauxi.o
         0          0          0          0          0          0   indicate_semi.o
         2          0          0          0          0          0   libinit.o
         6          0          0          0          0          0   libinit2.o
         2          0          0          0          0          0   libshutdown.o
         2          0          0          0          0          0   libshutdown2.o
         8          4          0          0         96         68   libspace.o
        68          0          0          0          0         68   rt_memclr.o
        78          0          0          0          0         80   rt_memclr_w.o
       138          0          0          0          0         68   rt_memcpy_v6.o
       100          0          0          0          0         80   rt_memcpy_w.o
         2          0          0          0          0          0   rtexit.o
        10          0          0          0          0          0   rtexit2.o
        12          4          0          0          0         68   sys_exit.o
        74          0          0          0          0         80   sys_stackheap_outer.o
         2          0          0          0          0         68   use_no_semi.o
        10          0          0          0          0        116   fpinit.o

    ----------------------------------------------------------------------
       704         16          0          0        100       1064   Library Totals
        10          0          0          0          4          0   (incl. Padding)

    ----------------------------------------------------------------------

      Code (inc. data)   RO Data    RW Data    ZI Data      Debug   Library Name

       684         16          0          0         96        948   c_w.l
        10          0          0          0          0        116   fz_wm.l

    ----------------------------------------------------------------------
       704         16          0          0        100       1064   Library Totals

    ----------------------------------------------------------------------

==============================================================================


      Code (inc. data)   RO Data    RW Data    ZI Data      Debug   

     11864       1132        496        132      13180     896299   Grand Totals
     11864       1132        496        132      13180     896299   ELF Image Totals
     11864       1132        496        132          0          0   ROM Totals

==============================================================================

    Total RO  Size (Code + RO Data)                12360 (  12.07kB)
    Total RW  Size (RW Data + ZI Data)             13312 (  13.00kB)
    Total ROM Size (Code + RO Data + RW Data)      12492 (  12.20kB)

==============================================================================

